fsl_gpio.h:157:20:GPIO_WritePinOutput	24	static
lcd.c:60:13:EnablePulse	8	static
lcd.c:71:13:SetRowOffsets	24	static
lcd.c:80:6:lcd_Init	24	static
lcd.c:172:6:lcd_Clear	8	static
lcd.c:178:6:lcd_Home	8	static
lcd.c:184:6:lcd_SetCursor	24	static
lcd.c:201:6:lcd_NoDisplay	8	static
lcd.c:207:6:lcd_Display	8	static
lcd.c:214:6:lcd_NoCursor	8	static
lcd.c:220:6:lcd_Cursor	8	static
lcd.c:227:6:lcd_NoBlink	8	static
lcd.c:233:6:lcd_Blink	8	static
lcd.c:240:6:lcd_ScrollDisplayLeft	8	static
lcd.c:245:6:lcd_ScrollDisplayRight	8	static
lcd.c:251:6:lcd_LeftToRight	8	static
lcd.c:258:6:lcd_RightToLeft	8	static
lcd.c:265:6:lcd_Autoscroll	8	static
lcd.c:272:6:lcd_NoAutoscroll	8	static
lcd.c:280:6:lcd_CreateChar	24	static
lcd.c:292:13:lcd_Command	16	static
lcd.c:304:15:lcd_Write	16	static
lcd.c:320:13:WriteBits	24	static
lcd.c:336:6:lcd_WriteString	16	static
lcd.c:344:6:lcd_WriteLn	8	static
