communic.c:28:6:communic_Init	8	static
communic.c:46:6:communic_WaitInitSignal	8	static
communic.c:51:6:communic_NotifyInitSignal	16	static
communic.c:60:12:communic_GetInitalTime	8	static
communic.c:65:6:communic_SendCmdVel	16	static
communic.c:75:6:communic_ReceiveCmdVel	16	static
communic.c:85:6:communic_SendObstRightDist	16	static
communic.c:92:6:communic_ReceiveObstRightDist	16	static
communic.c:99:6:communic_SendObstLeftDist	16	static
communic.c:106:6:communic_ReceiveObstLeftDist	16	static
communic.c:113:6:communic_SendObstFrontDist	16	static
communic.c:120:6:communic_ReceiveObstFrontDist	16	static
communic.c:128:6:communic_SendLineDir	16	static
communic.c:136:6:communic_ReceiveLineDir	16	static
communic.c:145:6:communic_SendPose2D	16	static
communic.c:154:6:communic_ReceivePose2D	16	static
communic.c:163:6:communic_SendDelthaDist	16	static
communic.c:170:6:communic_ReceiveDelthaDist	16	static
communic.c:177:6:communic_SendDelthaAngle	16	static
communic.c:184:6:communic_ReceiveDelthaAngle	16	static
