core_cm0plus.h:745:22:NVIC_EnableIRQ	16	static
fsl_clock.h:614:20:CLOCK_SetTpmClock	16	static
fsl_gpio.h:157:20:GPIO_WritePinOutput	24	static
fsl_tpm.h:506:24:TPM_GetStatusFlags	16	static
fsl_tpm.h:518:20:TPM_ClearStatusFlags	16	static
fsl_tpm.h:545:20:TPM_SetTimerPeriod	16	static
fsl_tpm.h:579:20:TPM_StartTimer	24	static
ultrasonic.c:62:6:TPM0_IRQHandler	16	static
ultrasonic.c:130:6:ultrasonic_TaskCreate	24	static
ultrasonic.c:148:13:UltrassonicTask	40	static
ultrasonic.c:298:6:ultrasonic_Init	8	static
