Archive member included to satisfy reference by file (symbol)

c:/nxp/mcuxpressoide_11.0.0_2516/ide/plugins/com.nxp.mcuxpresso.tools.win32_11.0.0.201905131304/tools/bin/../lib/gcc/arm-none-eabi/8.2.1/../../../../arm-none-eabi/lib/thumb/v6-m/nofp\libcr_c.a(memcpy.o)
                              ./source/emb_util/emb_util.o (memcpy)
c:/nxp/mcuxpressoide_11.0.0_2516/ide/plugins/com.nxp.mcuxpresso.tools.win32_11.0.0.201905131304/tools/bin/../lib/gcc/arm-none-eabi/8.2.1/../../../../arm-none-eabi/lib/thumb/v6-m/nofp\libcr_c.a(memset.o)
                              ./freertos/tasks.o (memset)
c:/nxp/mcuxpressoide_11.0.0_2516/ide/plugins/com.nxp.mcuxpresso.tools.win32_11.0.0.201905131304/tools/bin/../lib/gcc/arm-none-eabi/8.2.1/../../../../arm-none-eabi/lib/thumb/v6-m/nofp\libcr_c.a(cos.o)
                              ./source/diff_robot/pose_handler.o (cos)
c:/nxp/mcuxpressoide_11.0.0_2516/ide/plugins/com.nxp.mcuxpresso.tools.win32_11.0.0.201905131304/tools/bin/../lib/gcc/arm-none-eabi/8.2.1/../../../../arm-none-eabi/lib/thumb/v6-m/nofp\libcr_c.a(pow.o)
                              ./source/emb_util/emb_util.o (pow)
c:/nxp/mcuxpressoide_11.0.0_2516/ide/plugins/com.nxp.mcuxpresso.tools.win32_11.0.0.201905131304/tools/bin/../lib/gcc/arm-none-eabi/8.2.1/../../../../arm-none-eabi/lib/thumb/v6-m/nofp\libcr_c.a(sin.o)
                              ./source/diff_robot/pose_handler.o (sin)
c:/nxp/mcuxpressoide_11.0.0_2516/ide/plugins/com.nxp.mcuxpresso.tools.win32_11.0.0.201905131304/tools/bin/../lib/gcc/arm-none-eabi/8.2.1/../../../../arm-none-eabi/lib/thumb/v6-m/nofp\libcr_c.a(stdlib.o)
                              ./source/diff_robot/test.o (rand)
c:/nxp/mcuxpressoide_11.0.0_2516/ide/plugins/com.nxp.mcuxpresso.tools.win32_11.0.0.201905131304/tools/bin/../lib/gcc/arm-none-eabi/8.2.1/../../../../arm-none-eabi/lib/thumb/v6-m/nofp\libcr_c.a(strlen.o)
                              ./utilities/fsl_debug_console.o (strlen)
c:/nxp/mcuxpressoide_11.0.0_2516/ide/plugins/com.nxp.mcuxpresso.tools.win32_11.0.0.201905131304/tools/bin/../lib/gcc/arm-none-eabi/8.2.1/../../../../arm-none-eabi/lib/thumb/v6-m/nofp\libcr_c.a(_sincos.o)
                              c:/nxp/mcuxpressoide_11.0.0_2516/ide/plugins/com.nxp.mcuxpresso.tools.win32_11.0.0.201905131304/tools/bin/../lib/gcc/arm-none-eabi/8.2.1/../../../../arm-none-eabi/lib/thumb/v6-m/nofp\libcr_c.a(cos.o) (_sincos)
c:/nxp/mcuxpressoide_11.0.0_2516/ide/plugins/com.nxp.mcuxpresso.tools.win32_11.0.0.201905131304/tools/bin/../lib/gcc/arm-none-eabi/8.2.1/../../../../arm-none-eabi/lib/thumb/v6-m/nofp\libcr_c.a(errno.o)
                              c:/nxp/mcuxpressoide_11.0.0_2516/ide/plugins/com.nxp.mcuxpresso.tools.win32_11.0.0.201905131304/tools/bin/../lib/gcc/arm-none-eabi/8.2.1/../../../../arm-none-eabi/lib/thumb/v6-m/nofp\libcr_c.a(pow.o) (errno)
c:/nxp/mcuxpressoide_11.0.0_2516/ide/plugins/com.nxp.mcuxpresso.tools.win32_11.0.0.201905131304/tools/bin/../lib/gcc/arm-none-eabi/8.2.1/../../../../arm-none-eabi/lib/thumb/v6-m/nofp\libcr_c.a(fabs.o)
                              c:/nxp/mcuxpressoide_11.0.0_2516/ide/plugins/com.nxp.mcuxpresso.tools.win32_11.0.0.201905131304/tools/bin/../lib/gcc/arm-none-eabi/8.2.1/../../../../arm-none-eabi/lib/thumb/v6-m/nofp\libcr_c.a(_sincos.o) (fabs)
c:/nxp/mcuxpressoide_11.0.0_2516/ide/plugins/com.nxp.mcuxpresso.tools.win32_11.0.0.201905131304/tools/bin/../lib/gcc/arm-none-eabi/8.2.1/../../../../arm-none-eabi/lib/thumb/v6-m/nofp\libcr_c.a(frexp.o)
                              c:/nxp/mcuxpressoide_11.0.0_2516/ide/plugins/com.nxp.mcuxpresso.tools.win32_11.0.0.201905131304/tools/bin/../lib/gcc/arm-none-eabi/8.2.1/../../../../arm-none-eabi/lib/thumb/v6-m/nofp\libcr_c.a(pow.o) (frexp)
c:/nxp/mcuxpressoide_11.0.0_2516/ide/plugins/com.nxp.mcuxpresso.tools.win32_11.0.0.201905131304/tools/bin/../lib/gcc/arm-none-eabi/8.2.1/../../../../arm-none-eabi/lib/thumb/v6-m/nofp\libcr_c.a(initio.o)
                              c:/nxp/mcuxpressoide_11.0.0_2516/ide/plugins/com.nxp.mcuxpresso.tools.win32_11.0.0.201905131304/tools/bin/../lib/gcc/arm-none-eabi/8.2.1/../../../../arm-none-eabi/lib/thumb/v6-m/nofp\libcr_c.a(stdlib.o) (_terminateio)
c:/nxp/mcuxpressoide_11.0.0_2516/ide/plugins/com.nxp.mcuxpresso.tools.win32_11.0.0.201905131304/tools/bin/../lib/gcc/arm-none-eabi/8.2.1/../../../../arm-none-eabi/lib/thumb/v6-m/nofp\libcr_c.a(ldexp.o)
                              c:/nxp/mcuxpressoide_11.0.0_2516/ide/plugins/com.nxp.mcuxpresso.tools.win32_11.0.0.201905131304/tools/bin/../lib/gcc/arm-none-eabi/8.2.1/../../../../arm-none-eabi/lib/thumb/v6-m/nofp\libcr_c.a(pow.o) (ldexp)
c:/nxp/mcuxpressoide_11.0.0_2516/ide/plugins/com.nxp.mcuxpresso.tools.win32_11.0.0.201905131304/tools/bin/../lib/gcc/arm-none-eabi/8.2.1/../../../../arm-none-eabi/lib/thumb/v6-m/nofp\libcr_c.a(raise.o)
[...]
Memory Configuration

Name             Origin             Length             Attributes
PROGRAM_FLASH    0x00000000         0x00020000         xr
SRAM             0x1ffff000         0x00004000         xrw
*default*        0x00000000         0xffffffff

Linker script and memory map

LOAD ./utilities/fsl_debug_console.o
LOAD ./startup/startup_mkl25z4.o
LOAD ./source/emb_util/emb_util.o
LOAD ./source/display/lcd.o
LOAD ./source/diff_robot/communic.o
LOAD ./source/diff_robot/diff_robot.o
LOAD ./source/diff_robot/display.o
LOAD ./source/diff_robot/fault.o
LOAD ./source/diff_robot/imu.o
LOAD ./source/diff_robot/line_sensor.o
LOAD ./source/diff_robot/measure.o
LOAD ./source/diff_robot/motor_ctrl.o
LOAD ./source/diff_robot/pose_handler.o
LOAD ./source/diff_robot/test.o
LOAD ./source/diff_robot/ultrasonic.o
LOAD ./source/delayer/delayer.o
LOAD ./source/mtb.o
LOAD ./source/rt_robot.o
LOAD ./source/semihost_hardfault.o
LOAD ./freertos/croutine.o
LOAD ./freertos/event_groups.o
LOAD ./freertos/fsl_tickless_lptmr.o
LOAD ./freertos/fsl_tickless_systick.o
LOAD ./freertos/heap_4.o
LOAD ./freertos/list.o
LOAD ./freertos/port.o
LOAD ./freertos/queue.o
LOAD ./freertos/tasks.o
LOAD ./freertos/timers.o
LOAD ./drivers/fsl_clock.o
LOAD ./drivers/fsl_common.o
LOAD ./drivers/fsl_flash.o
LOAD ./drivers/fsl_gpio.o
LOAD ./drivers/fsl_i2c.o
LOAD ./drivers/fsl_i2c_freertos.o
LOAD ./drivers/fsl_lpsci.o
LOAD ./drivers/fsl_lpsci_freertos.o
LOAD ./drivers/fsl_smc.o
LOAD ./drivers/fsl_tpm.o
LOAD ./drivers/fsl_uart.o
LOAD ./drivers/fsl_uart_freertos.o
LOAD ./board/board.o
LOAD ./board/clock_config.o
LOAD ./board/peripherals.o
LOAD ./board/pin_mux.o
LOAD ./CMSIS/system_MKL25Z4.o
START GROUP
LOAD c:/nxp/mcuxpressoide_11.0.0_2516/ide/plugins/com.nxp.mcuxpresso.tools.win32_11.0.0.201905131304/tools/bin/../lib/gcc/arm-none-eabi/8.2.1/../../../../arm-none-eabi/lib/thumb/v6-m/nofp\libcr_nohost_nf.a
LOAD c:/nxp/mcuxpressoide_11.0.0_2516/ide/plugins/com.nxp.mcuxpresso.tools.win32_11.0.0.201905131304/tools/bin/../lib/gcc/arm-none-eabi/8.2.1/../../../../arm-none-eabi/lib/thumb/v6-m/nofp\libcr_c.a
LOAD c:/nxp/mcuxpressoide_11.0.0_2516/ide/plugins/com.nxp.mcuxpresso.tools.win32_11.0.0.201905131304/tools/bin/../lib/gcc/arm-none-eabi/8.2.1/thumb/v6-m/nofp\libcr_eabihelpers.a
LOAD c:/nxp/mcuxpressoide_11.0.0_2516/ide/plugins/com.nxp.mcuxpresso.tools.win32_11.0.0.201905131304/tools/bin/../lib/gcc/arm-none-eabi/8.2.1/thumb/v6-m/nofp\libgcc.a
END GROUP
                0x00000000                __base_PROGRAM_FLASH = 0x0
                0x00000000                __base_Flash = 0x0
                0x00020000                __top_PROGRAM_FLASH = 0x20000
                0x00020000                __top_Flash = 0x20000
                0x1ffff000                __base_SRAM = 0x1ffff000
                0x1ffff000                __base_RAM = 0x1ffff000
                0x20003000                __top_SRAM = 0x20003000
                0x20003000                __top_RAM = 0x20003000

.text           0x00000000     0x9360
 FILL mask 0xff
                0x00000000                __vectors_start__ = ABSOLUTE (.)
 *(SORT_BY_ALIGNMENT(.isr_vector))
 .isr_vector    0x00000000       0xc0 ./startup/startup_mkl25z4.o
                0x00000000                g_pfnVectors
                0x00000000                __Vectors
                0x000000c0                . = ALIGN (0x4)
                0x000000c0                __section_table_start = .
                0x000000c0                __data_section_table = .
                0x000000c0        0x4 LONG 0x9360 LOADADDR (.data)
                0x000000c4        0x4 LONG 0x1ffff080 ADDR (.data)
                0x000000c8        0x4 LONG 0x1c SIZEOF (.data)
                0x000000cc                __data_section_table_end = .
                0x000000cc                __bss_section_table = .
                0x000000cc        0x4 LONG 0x1ffff09c ADDR (.bss)
                0x000000d0        0x4 LONG 0x2b30 SIZEOF (.bss)
                0x000000d4                __bss_section_table_end = .
                0x000000d4                __section_table_end = .
 *(SORT_BY_ALIGNMENT(.after_vectors*))
 .after_vectors.reset
                0x000000d4       0x4c ./startup/startup_mkl25z4.o
                0x000000d4                ResetISR
 .after_vectors.init_data
                0x00000120       0x12 ./startup/startup_mkl25z4.o
                0x00000120                data_init
 .after_vectors.init_bss
                0x00000132       0x10 ./startup/startup_mkl25z4.o
                0x00000132                bss_init
 .after_vectors
                0x00000142      0x10c ./startup/startup_mkl25z4.o
                0x00000144                HardFault_Handler
                0x0000014c                PORTD_DriverIRQHandler
                0x0000014c                DMA0_DriverIRQHandler
                0x0000014c                Reserved39_DriverIRQHandler
                0x0000014c                PIT_DriverIRQHandler
                0x0000014c                SPI1_DriverIRQHandler
                0x0000014c                LPTMR0_DriverIRQHandler
                0x0000014c                DMA2_DriverIRQHandler
                0x0000014c                CMP0_DriverIRQHandler
                0x0000014c                ADC0_DriverIRQHandler
                0x0000014c                TPM2_DriverIRQHandler
                0x0000014c                SPI0_DriverIRQHandler
                0x0000014c                TSI0_DriverIRQHandler
                0x0000014c                RTC_Seconds_DriverIRQHandler
                0x0000014c                DMA1_DriverIRQHandler
                0x0000014c                RTC_DriverIRQHandler
                0x0000014c                LLWU_DriverIRQHandler
                0x0000014c                MCG_DriverIRQHandler
                0x0000014c                TPM1_DriverIRQHandler
                0x0000014c                PORTA_DriverIRQHandler
                0x0000014c                Reserved45_DriverIRQHandler
                0x0000014c                FTFA_DriverIRQHandler
                0x0000014c                IntDefaultHandler
                0x0000014c                USB0_DriverIRQHandler
                0x0000014c                DAC0_DriverIRQHandler
                0x0000014c                LVD_LVW_DriverIRQHandler
                0x0000014c                TPM0_DriverIRQHandler
                0x0000014c                DMA3_DriverIRQHandler
                0x0000014c                Reserved20_DriverIRQHandler
                0x0000014e                DMA0_IRQHandler
                0x00000156                DMA1_IRQHandler
                0x0000015e                DMA2_IRQHandler
                0x00000166                DMA3_IRQHandler
                0x0000016e                Reserved20_IRQHandler
                0x00000176                FTFA_IRQHandler
                0x0000017e                LVD_LVW_IRQHandler
                0x00000186                LLWU_IRQHandler
                0x0000018e                I2C0_IRQHandler
                0x00000196                I2C1_IRQHandler
                0x0000019e                SPI0_IRQHandler
                0x000001a6                SPI1_IRQHandler
                0x000001ae                UART0_IRQHandler
                0x000001b6                UART1_IRQHandler
                0x000001be                UART2_IRQHandler
                0x000001c6                ADC0_IRQHandler
                0x000001ce                CMP0_IRQHandler
                0x000001de                TPM1_IRQHandler
                0x000001e6                TPM2_IRQHandler
                0x000001ee                RTC_IRQHandler
                0x000001f6                RTC_Seconds_IRQHandler
                0x000001fe                PIT_IRQHandler
                0x00000206                Reserved39_IRQHandler
                0x0000020e                USB0_IRQHandler
                0x00000216                DAC0_IRQHandler
                0x0000021e                TSI0_IRQHandler
                0x00000226                MCG_IRQHandler
                0x0000022e                LPTMR0_IRQHandler
                0x00000236                Reserved45_IRQHandler
                0x0000023e                PORTA_IRQHandler
                0x00000400                . = 0x400
 *fill*         0x0000024e      0x1b2 ff
                0x00000400                PROVIDE (__FLASH_CONFIG_START__ = .)
 *(SORT_BY_ALIGNMENT(.FlashConfig))
 .FlashConfig   0x00000400       0x10 ./startup/startup_mkl25z4.o
                0x00000400                Flash_Config
                0x00000410                PROVIDE (__FLASH_CONFIG_END__ = .)
                0x00000001                ASSERT (! ((__FLASH_CONFIG_START__ == __FLASH_CONFIG_END__)), Linker Flash Config Support Enabled, but no .FlashConfig section provided within application)
 *(SORT_BY_ALIGNMENT(.text*))
 .text.vPortStartFirstTask
                0x00000410       0x38 ./freertos/port.o
 *fill*         0x00000448        0x8 ff
 .text.PendSV_Handler
                0x00000450       0x48 ./freertos/port.o
                0x00000450                PendSV_Handler
 .text.DbgConsole_Printf
                0x00000498       0x44 ./utilities/fsl_debug_console.o
                0x00000498                DbgConsole_Printf
 .text.DbgConsole_Putchar
                0x000004dc       0x34 ./utilities/fsl_debug_console.o
                0x000004dc                DbgConsole_Putchar
 .text.emb_ftoa
                0x00000510       0xbc ./source/emb_util/emb_util.o
                0x00000510                emb_ftoa
 .text.EnablePulse
                0x000005cc       0x9c ./source/display/lcd.o
 .text.SetRowOffsets
                0x00000668       0x3c ./source/display/lcd.o
 .text.lcd_Init
                0x000006a4      0x1ec ./source/display/lcd.o
                0x000006a4                lcd_Init
 .text.lcd_Clear
                0x00000890       0x3c ./source/display/lcd.o
                0x00000890                lcd_Clear
 .text.lcd_Display
                0x000008cc       0x2c ./source/display/lcd.o
                0x000008cc                lcd_Display
 .text.lcd_Command
                0x000008f8       0x68 ./source/display/lcd.o
                0x000008f8                lcd_Command
 .text.lcd_Write
                0x00000960       0x6c ./source/display/lcd.o
                0x00000960                lcd_Write
 .text.WriteBits
                0x000009cc       0x98 ./source/display/lcd.o
 .text.communic_Init
                0x00000a64       0x9c ./source/diff_robot/communic.o
                0x00000a64                communic_Init
 .text.communic_WaitInitSignal
                0x00000b00       0x20 ./source/diff_robot/communic.o
                0x00000b00                communic_WaitInitSignal
 .text.communic_NotifyInitSignal
                0x00000b20       0x40 ./source/diff_robot/communic.o
                0x00000b20                communic_NotifyInitSignal
 .text.communic_GetInitalTime
                0x00000b60       0x14 ./source/diff_robot/communic.o
                0x00000b60                communic_GetInitalTime
 .text.communic_SendCmdVel
                0x00000b74       0x48 ./source/diff_robot/communic.o
                0x00000b74                communic_SendCmdVel
 .text.communic_ReceiveCmdVel
                0x00000bbc       0x48 ./source/diff_robot/communic.o
                0x00000bbc                communic_ReceiveCmdVel
 .text.communic_SendObstRightDist
                0x00000c04       0x40 ./source/diff_robot/communic.o
                0x00000c04                communic_SendObstRightDist
 .text.communic_ReceiveObstRightDist
                0x00000c44       0x40 ./source/diff_robot/communic.o
                0x00000c44                communic_ReceiveObstRightDist
 .text.communic_SendObstLeftDist
                0x00000c84       0x40 ./source/diff_robot/communic.o
                0x00000c84                communic_SendObstLeftDist
 .text.communic_ReceiveObstLeftDist
                0x00000cc4       0x40 ./source/diff_robot/communic.o
                0x00000cc4                communic_ReceiveObstLeftDist
 .text.communic_SendObstFrontDist
                0x00000d04       0x40 ./source/diff_robot/communic.o
                0x00000d04                communic_SendObstFrontDist
 .text.communic_ReceiveObstFrontDist
                0x00000d44       0x40 ./source/diff_robot/communic.o
                0x00000d44                communic_ReceiveObstFrontDist
 .text.communic_SendPose2D
                0x00000d84       0x50 ./source/diff_robot/communic.o
                0x00000d84                communic_SendPose2D
 .text.communic_ReceivePose2D
                0x00000dd4       0x50 ./source/diff_robot/communic.o
                0x00000dd4                communic_ReceivePose2D
 .text.communic_SendDelthaDist
                0x00000e24       0x40 ./source/diff_robot/communic.o
                0x00000e24                communic_SendDelthaDist
 .text.communic_ReceiveDelthaDist
                0x00000e64       0x40 ./source/diff_robot/communic.o
                0x00000e64                communic_ReceiveDelthaDist
 .text.communic_SendDelthaAngle
                0x00000ea4       0x40 ./source/diff_robot/communic.o
                0x00000ea4                communic_SendDelthaAngle
 .text.communic_ReceiveDelthaAngle
                0x00000ee4       0x40 ./source/diff_robot/communic.o
                0x00000ee4                communic_ReceiveDelthaAngle
 .text.robot_SetToGoForward
                0x00000f24       0x34 ./source/diff_robot/diff_robot.o
                0x00000f24                robot_SetToGoForward
 .text.robot_SetToGoLeft
                0x00000f58       0x30 ./source/diff_robot/diff_robot.o
                0x00000f58                robot_SetToGoLeft
 .text.robot_SetToGoVeryLeft
                0x00000f88       0x30 ./source/diff_robot/diff_robot.o
                0x00000f88                robot_SetToGoVeryLeft
 .text.robot_SetToGoRight
                0x00000fb8       0x38 ./source/diff_robot/diff_robot.o
                0x00000fb8                robot_SetToGoRight
 .text.robot_SetToGoVeryRight
                0x00000ff0       0x38 ./source/diff_robot/diff_robot.o
                0x00000ff0                robot_SetToGoVeryRight
 .text.RobotInitTask
                0x00001028       0x70 ./source/diff_robot/diff_robot.o
 .text.RobotCtrlTask
                0x00001098      0x174 ./source/diff_robot/diff_robot.o
 .text.robot_Init
                0x0000120c       0x58 ./source/diff_robot/diff_robot.o
                0x0000120c                robot_Init
 .text.robot_InitTaskCreate
                0x00001264       0x34 ./source/diff_robot/diff_robot.o
                0x00001264                robot_InitTaskCreate
 .text.robot_CrtlTaskCreate
                0x00001298       0x40 ./source/diff_robot/diff_robot.o
                0x00001298                robot_CrtlTaskCreate
 .text.DisplayTask
                0x000012d8       0xf0 ./source/diff_robot/display.o
 .text.display_TaskCreate
                0x000013c8       0x40 ./source/diff_robot/display.o
                0x000013c8                display_TaskCreate
 .text.display_Init
                0x00001408       0x7c ./source/diff_robot/display.o
                0x00001408                display_Init
 .text.fault_Throw
                0x00001484       0x48 ./source/diff_robot/fault.o
                0x00001484                fault_Throw
 .text.NMI_Handler
                0x000014cc       0x24 ./source/diff_robot/fault.o
                0x000014cc                NMI_Handler
 .text.MpuTask  0x000014f0      0x128 ./source/diff_robot/imu.o
 .text.imu_Init
                0x00001618      0x148 ./source/diff_robot/imu.o
                0x00001618                imu_Init
 .text.imu_GetRawGyro
                0x00001760       0xfc ./source/diff_robot/imu.o
                0x00001760                imu_GetRawGyro
 .text.imu_GetRawSamples
                0x0000185c       0xf8 ./source/diff_robot/imu.o
                0x0000185c                imu_GetRawSamples
 .text.imu_TaskCreate
                0x00001954       0x64 ./source/diff_robot/imu.o
                0x00001954                imu_TaskCreate
 .text.imu_ReadRegister
                0x000019b8       0xb8 ./source/diff_robot/imu.o
                0x000019b8                imu_ReadRegister
 .text.imu_WriteRegister
                0x00001a70       0x94 ./source/diff_robot/imu.o
                0x00001a70                imu_WriteRegister
 .text.NVIC_EnableIRQ
                0x00001b04       0x2c ./source/diff_robot/motor_ctrl.o
 .text.CLOCK_SetTpmClock
                0x00001b30       0x38 ./source/diff_robot/motor_ctrl.o
 .text.PORTD_IRQHandler
                0x00001b68       0xe4 ./source/diff_robot/motor_ctrl.o
                0x00001b68                PORTD_IRQHandler
 .text.motor_Init
                0x00001c4c       0xd0 ./source/diff_robot/motor_ctrl.o
                0x00001c4c                motor_Init
 .text.motor_CtrlTaskCreate
                0x00001d1c       0x40 ./source/diff_robot/motor_ctrl.o
                0x00001d1c                motor_CtrlTaskCreate
 .text.motor_OdomTaskCreate
                0x00001d5c       0x40 ./source/diff_robot/motor_ctrl.o
                0x00001d5c                motor_OdomTaskCreate
 .text.MotorCtrlTask
                0x00001d9c      0x2d4 ./source/diff_robot/motor_ctrl.o
 .text.EncondersHandlerTask
                0x00002070      0x150 ./source/diff_robot/motor_ctrl.o
 .text.PoseTask
                0x000021c0      0x1e4 ./source/diff_robot/pose_handler.o
 .text.poseHand_TaskCreate
                0x000023a4       0x40 ./source/diff_robot/pose_handler.o
                0x000023a4                poseHand_TaskCreate
 .text.NVIC_EnableIRQ
                0x000023e4       0x2c ./source/diff_robot/ultrasonic.o
 .text.CLOCK_SetTpmClock
                0x00002410       0x38 ./source/diff_robot/ultrasonic.o
 .text.TPM0_IRQHandler
                0x00002448      0x150 ./source/diff_robot/ultrasonic.o
                0x00002448                TPM0_IRQHandler
 .text.ultrasonic_TaskCreate
                0x00002598       0x64 ./source/diff_robot/ultrasonic.o
                0x00002598                ultrasonic_TaskCreate
 .text.UltrassonicTask
                0x000025fc      0x3e0 ./source/diff_robot/ultrasonic.o
 .text.ultrasonic_Init
                0x000029dc       0xc8 ./source/diff_robot/ultrasonic.o
                0x000029dc                ultrasonic_Init
 .text.delayer_Init
                0x00002aa4       0x50 ./source/delayer/delayer.o
                0x00002aa4                delayer_Init
 .text.delayer_WaitLongCycles
                0x00002af4       0x40 ./source/delayer/delayer.o
                0x00002af4                delayer_WaitLongCycles
 .text.delayer_Waitms
                0x00002b34       0x38 ./source/delayer/delayer.o
                0x00002b34                delayer_Waitms
 .text.prvSetupTimerInterrupt
                0x00002b6c       0x40 ./freertos/fsl_tickless_lptmr.o
                0x00002b6c                prvSetupTimerInterrupt
 .text.pvPortMalloc
                0x00002bac      0x14c ./freertos/heap_4.o
                0x00002bac                pvPortMalloc
 .text.vPortFree
                0x00002cf8       0x90 ./freertos/heap_4.o
                0x00002cf8                vPortFree
 .text.prvHeapInit
                0x00002d88       0xc0 ./freertos/heap_4.o
 .text.prvInsertBlockIntoFreeList
                0x00002e48       0xb0 ./freertos/heap_4.o
 .text.pxPortInitialiseStack
                0x00002ef8       0x54 ./freertos/port.o
                0x00002ef8                pxPortInitialiseStack
 .text.prvTaskExitError
                0x00002f4c       0x18 ./freertos/port.o
 .text.xPortStartScheduler
                0x00002f64       0x44 ./freertos/port.o
                0x00002f64                xPortStartScheduler
 .text.vPortYield
                0x00002fa8       0x20 ./freertos/port.o
                0x00002fa8                vPortYield
 .text.vPortEnterCritical
                0x00002fc8       0x24 ./freertos/port.o
                0x00002fc8                vPortEnterCritical
 .text.vPortExitCritical
                0x00002fec       0x30 ./freertos/port.o
                0x00002fec                vPortExitCritical
 .text.SysTick_Handler
                0x0000301c       0x34 ./freertos/port.o
                0x0000301c                SysTick_Handler
 .text.vQueueAddToRegistry
                0x00003050       0x50 ./freertos/queue.o
                0x00003050                vQueueAddToRegistry
 .text.prvInitialiseNewTask
                0x000030a0      0x120 ./freertos/tasks.o
 .text.prvAddNewTaskToReadyList
                0x000031c0       0xd0 ./freertos/tasks.o
 .text.vTaskDelayUntil
                0x00003290       0xb8 ./freertos/tasks.o
                0x00003290                vTaskDelayUntil
 .text.vTaskDelay
                0x00003348       0x4c ./freertos/tasks.o
                0x00003348                vTaskDelay
 .text.vTaskPrioritySet
                0x00003394      0x124 ./freertos/tasks.o
                0x00003394                vTaskPrioritySet
 .text.vTaskStartScheduler
                0x000034b8       0x78 ./freertos/tasks.o
                0x000034b8                vTaskStartScheduler
 .text.vTaskSuspendAll
                0x00003530       0x18 ./freertos/tasks.o
                0x00003530                vTaskSuspendAll
 .text.xTaskResumeAll
                0x00003548      0x118 ./freertos/tasks.o
                0x00003548                xTaskResumeAll
 .text.xTaskGetTickCount
                0x00003660       0x1c ./freertos/tasks.o
                0x00003660                xTaskGetTickCount
 .text.xTaskIncrementTick
                0x0000367c      0x14c ./freertos/tasks.o
                0x0000367c                xTaskIncrementTick
 .text.vTaskSwitchContext
                0x000037c8       0xa4 ./freertos/tasks.o
                0x000037c8                vTaskSwitchContext
 .text.vTaskPlaceOnEventList
                0x0000386c       0x3c ./freertos/tasks.o
                0x0000386c                vTaskPlaceOnEventList
 .text.vTaskPlaceOnEventListRestricted
                0x000038a8       0x4c ./freertos/tasks.o
                0x000038a8                vTaskPlaceOnEventListRestricted
 .text.xTaskRemoveFromEventList
                0x000038f4       0xb8 ./freertos/tasks.o
                0x000038f4                xTaskRemoveFromEventList
 .text.vTaskSetTimeOutState
                0x000039ac       0x34 ./freertos/tasks.o
                0x000039ac                vTaskSetTimeOutState
 .text.xTaskCheckForTimeOut
                0x000039e0       0x9c ./freertos/tasks.o
                0x000039e0                xTaskCheckForTimeOut
 .text.vTaskMissedYield
                0x00003a7c       0x14 ./freertos/tasks.o
                0x00003a7c                vTaskMissedYield
 .text.prvIdleTask
                0x00003a90       0x20 ./freertos/tasks.o
 .text.prvInitialiseTaskLists
                0x00003ab0       0x88 ./freertos/tasks.o
 .text.prvCheckTasksWaitingTermination
                0x00003b38       0x74 ./freertos/tasks.o
 .text.prvResetNextTaskUnblockTime
                0x00003bac       0x48 ./freertos/tasks.o
 .text.xTaskGetSchedulerState
                0x00003bf4       0x38 ./freertos/tasks.o
                0x00003bf4                xTaskGetSchedulerState
 .text.vTaskPriorityInherit
                0x00003c2c       0xbc ./freertos/tasks.o
                0x00003c2c                vTaskPriorityInherit
 .text.xTaskPriorityDisinherit
                0x00003ce8       0xb8 ./freertos/tasks.o
                0x00003ce8                xTaskPriorityDisinherit
 .text.pvTaskIncrementMutexHeldCount
                0x00003da0       0x24 ./freertos/tasks.o
                0x00003da0                pvTaskIncrementMutexHeldCount
 .text.prvAddCurrentTaskToDelayedList
                0x00003dc4       0xa8 ./freertos/tasks.o
 .text.xTimerCreateTimerTask
                0x00003e6c       0x54 ./freertos/timers.o
                0x00003e6c                xTimerCreateTimerTask
 .text.xTimerGenericCommand
                0x00003ec0       0x94 ./freertos/timers.o
                0x00003ec0                xTimerGenericCommand
 .text.prvProcessExpiredTimer
                0x00003f54       0x70 ./freertos/timers.o
 .text.prvProcessTimerOrBlockTask
                0x00003fc4       0x8c ./freertos/timers.o
 .text.prvGetNextExpireTime
                0x00004050       0x40 ./freertos/timers.o
 .text.prvSampleTimeNow
                0x00004090       0x40 ./freertos/timers.o
 .text.prvInsertTimerInActiveList
                0x000040d0       0x84 ./freertos/timers.o
 .text.prvProcessReceivedCommands
                0x00004154      0x124 ./freertos/timers.o
 .text.prvSwitchTimerLists
                0x00004278       0xb4 ./freertos/timers.o
 .text.prvCheckForValidListAndQueue
                0x0000432c       0x74 ./freertos/timers.o
 .text.CLOCK_SetEr32kClock
                0x000043a0       0x34 ./drivers/fsl_clock.o
 .text.CLOCK_SetPllFllSelClock
                0x000043d4       0x38 ./drivers/fsl_clock.o
 .text.CLOCK_GetMcgExtClkFreq
                0x0000440c       0x34 ./drivers/fsl_clock.o
 .text.CLOCK_GetFllExtRefClkFreq
                0x00004440       0xa4 ./drivers/fsl_clock.o
 .text.CLOCK_GetInternalRefClkSelectFreq
                0x000044e4       0x40 ./drivers/fsl_clock.o
 .text.CLOCK_GetFllRefClkFreq
                0x00004524       0x2c ./drivers/fsl_clock.o
 .text.CLOCK_GetOscRangeFromFreq
                0x00004550       0x4c ./drivers/fsl_clock.o
 .text.CLOCK_GetPllFllSelClkFreq
                0x0000459c       0x4c ./drivers/fsl_clock.o
                0x0000459c                CLOCK_GetPllFllSelClkFreq
 .text.CLOCK_GetCoreSysClkFreq
                0x000045e8       0x2c ./drivers/fsl_clock.o
                0x000045e8                CLOCK_GetCoreSysClkFreq
 .text.CLOCK_SetSimConfig
                0x00004614       0x38 ./drivers/fsl_clock.o
                0x00004614                CLOCK_SetSimConfig
 .text.CLOCK_GetOutClkFreq
                0x0000464c       0x68 ./drivers/fsl_clock.o
                0x0000464c                CLOCK_GetOutClkFreq
 .text.CLOCK_GetFllFreq
                0x000046b4       0x84 ./drivers/fsl_clock.o
                0x000046b4                CLOCK_GetFllFreq
 .text.CLOCK_GetPll0Freq
                0x00004738       0x80 ./drivers/fsl_clock.o
                0x00004738                CLOCK_GetPll0Freq
 .text.CLOCK_SetInternalRefClkConfig
                0x000047b8      0x124 ./drivers/fsl_clock.o
                0x000047b8                CLOCK_SetInternalRefClkConfig
 .text.CLOCK_EnablePll0
                0x000048dc       0xa0 ./drivers/fsl_clock.o
                0x000048dc                CLOCK_EnablePll0
 .text.CLOCK_InitOsc0
                0x0000497c       0x94 ./drivers/fsl_clock.o
                0x0000497c                CLOCK_InitOsc0
 .text.CLOCK_SetPbeMode
                0x00004a10       0xc0 ./drivers/fsl_clock.o
                0x00004a10                CLOCK_SetPbeMode
 .text.CLOCK_BootToPeeMode
                0x00004ad0       0x80 ./drivers/fsl_clock.o
                0x00004ad0                CLOCK_BootToPeeMode
 .text.__assert_func
                0x00004b50       0x28 ./drivers/fsl_common.o
                0x00004b50                __assert_func
 .text.GPIO_PinInit
                0x00004b78       0x70 ./drivers/fsl_gpio.o
                0x00004b78                GPIO_PinInit
 .text.CLOCK_EnableClock
                0x00004be8       0x34 ./drivers/fsl_i2c.o
 .text.I2C_GetInstance
                0x00004c1c       0x58 ./drivers/fsl_i2c.o
                0x00004c1c                I2C_GetInstance
 .text.I2C_TransferCommonIRQHandler
                0x00004c74       0x54 ./drivers/fsl_i2c.o
 .text.I2C_MasterInit
                0x00004cc8      0x10c ./drivers/fsl_i2c.o
                0x00004cc8                I2C_MasterInit
 .text.I2C_MasterGetDefaultConfig
                0x00004dd4       0x50 ./drivers/fsl_i2c.o
                0x00004dd4                I2C_MasterGetDefaultConfig
 .text.I2C_MasterSetBaudRate
                0x00004e24       0xf0 ./drivers/fsl_i2c.o
                0x00004e24                I2C_MasterSetBaudRate
 .text.I2C_MasterStart
                0x00004f14       0x74 ./drivers/fsl_i2c.o
                0x00004f14                I2C_MasterStart
 .text.I2C_MasterWriteBlocking
                0x00004f88       0xec ./drivers/fsl_i2c.o
                0x00004f88                I2C_MasterWriteBlocking
 .text.I2C0_DriverIRQHandler
                0x00005074       0x20 ./drivers/fsl_i2c.o
                0x00005074                I2C0_DriverIRQHandler
 .text.I2C1_DriverIRQHandler
                0x00005094       0x20 ./drivers/fsl_i2c.o
                0x00005094                I2C1_DriverIRQHandler
 .text.UART0_DriverIRQHandler
                0x000050b4       0x24 ./drivers/fsl_lpsci.o
                0x000050b4                UART0_DriverIRQHandler
 .text.CLOCK_EnableClock
                0x000050d8       0x34 ./drivers/fsl_tpm.o
 .text.TPM_GetInstance
                0x0000510c       0x60 ./drivers/fsl_tpm.o
 .text.TPM_Init
                0x0000516c       0xdc ./drivers/fsl_tpm.o
                0x0000516c                TPM_Init
 .text.TPM_GetDefaultConfig
                0x00005248       0x60 ./drivers/fsl_tpm.o
                0x00005248                TPM_GetDefaultConfig
 .text.TPM_SetupPwm
                0x000052a8      0x210 ./drivers/fsl_tpm.o
                0x000052a8                TPM_SetupPwm
 .text.TPM_UpdatePwmDutycycle
                0x000054b8       0xd4 ./drivers/fsl_tpm.o
                0x000054b8                TPM_UpdatePwmDutycycle
 .text.TPM_SetupInputCapture
                0x0000558c       0xf4 ./drivers/fsl_tpm.o
                0x0000558c                TPM_SetupInputCapture
 .text.UART1_DriverIRQHandler
                0x00005680       0x24 ./drivers/fsl_uart.o
                0x00005680                UART1_DriverIRQHandler
 .text.UART2_DriverIRQHandler
                0x000056a4       0x24 ./drivers/fsl_uart.o
                0x000056a4                UART2_DriverIRQHandler
 .text.CLOCK_SetSimSafeDivs
                0x000056c8       0x20 ./board/clock_config.o
 .text.CLOCK_SetXtal0Freq
                0x000056e8       0x1c ./board/clock_config.o
 .text.CLOCK_CONFIG_SetFllExtRefDiv
                0x00005704       0x3c ./board/clock_config.o
 .text.BOARD_BootClockRUN
                0x00005740       0x64 ./board/clock_config.o
                0x00005740                BOARD_BootClockRUN
 .text.BOARD_InitBootPeripherals
                0x000057a4       0x2c ./board/peripherals.o
                0x000057a4                BOARD_InitBootPeripherals
 .text.CLOCK_EnableClock
                0x000057d0       0x34 ./board/pin_mux.o
 .text.PORT_SetPinMux
                0x00005804       0x40 ./board/pin_mux.o
 .text.PORT_SetPinInterruptConfig
                0x00005844       0x40 ./board/pin_mux.o
 .text.BOARD_InitPins
                0x00005884      0x4b4 ./board/pin_mux.o
                0x00005884                BOARD_InitPins
 .text.SystemInit
                0x00005d38       0x18 ./CMSIS/system_MKL25Z4.o
                0x00005d38                SystemInit
 .text.cos      0x00005d50       0x5c c:/nxp/mcuxpressoide_11.0.0_2516/ide/plugins/com.nxp.mcuxpresso.tools.win32_11.0.0.201905131304/tools/bin/../lib/gcc/arm-none-eabi/8.2.1/../../../../arm-none-eabi/lib/thumb/v6-m/nofp\libcr_c.a(cos.o)
                0x00005d50                cos
 .text.pow      0x00005dac      0x548 c:/nxp/mcuxpressoide_11.0.0_2516/ide/plugins/com.nxp.mcuxpresso.tools.win32_11.0.0.201905131304/tools/bin/../lib/gcc/arm-none-eabi/8.2.1/../../../../arm-none-eabi/lib/thumb/v6-m/nofp\libcr_c.a(pow.o)
                0x00005dac                pow
 .text.strlen   0x000062f4       0x58 c:/nxp/mcuxpressoide_11.0.0_2516/ide/plugins/com.nxp.mcuxpresso.tools.win32_11.0.0.201905131304/tools/bin/../lib/gcc/arm-none-eabi/8.2.1/../../../../arm-none-eabi/lib/thumb/v6-m/nofp\libcr_c.a(strlen.o)
                0x000062f4                strlen
 .text._sincos  0x0000634c      0x1dc c:/nxp/mcuxpressoide_11.0.0_2516/ide/plugins/com.nxp.mcuxpresso.tools.win32_11.0.0.201905131304/tools/bin/../lib/gcc/arm-none-eabi/8.2.1/../../../../arm-none-eabi/lib/thumb/v6-m/nofp\libcr_c.a(_sincos.o)
                0x0000634c                _sincos
 .text.frexp    0x00006528       0x80 c:/nxp/mcuxpressoide_11.0.0_2516/ide/plugins/com.nxp.mcuxpresso.tools.win32_11.0.0.201905131304/tools/bin/../lib/gcc/arm-none-eabi/8.2.1/../../../../arm-none-eabi/lib/thumb/v6-m/nofp\libcr_c.a(frexp.o)
                0x00006528                frexp
 .text.ldexp    0x000065a8       0x58 c:/nxp/mcuxpressoide_11.0.0_2516/ide/plugins/com.nxp.mcuxpresso.tools.win32_11.0.0.201905131304/tools/bin/../lib/gcc/arm-none-eabi/8.2.1/../../../../arm-none-eabi/lib/thumb/v6-m/nofp\libcr_c.a(ldexp.o)
                0x000065a8                ldexp
 .text.__aeabi_dmul
                0x00006600      0x188 c:/nxp/mcuxpressoide_11.0.0_2516/ide/plugins/com.nxp.mcuxpresso.tools.win32_11.0.0.201905131304/tools/bin/../lib/gcc/arm-none-eabi/8.2.1/thumb/v6-m/nofp\libcr_eabihelpers.a(double.o)
                0x00006600                __aeabi_dmul
 .text.__aeabi_ddiv
                0x00006788      0x148 c:/nxp/mcuxpressoide_11.0.0_2516/ide/plugins/com.nxp.mcuxpresso.tools.win32_11.0.0.201905131304/tools/bin/../lib/gcc/arm-none-eabi/8.2.1/thumb/v6-m/nofp\libcr_eabihelpers.a(double.o)
                0x00006788                __aeabi_ddiv
 .text.__aeabi_dsub
                0x000068d0      0x1c4 c:/nxp/mcuxpressoide_11.0.0_2516/ide/plugins/com.nxp.mcuxpresso.tools.win32_11.0.0.201905131304/tools/bin/../lib/gcc/arm-none-eabi/8.2.1/thumb/v6-m/nofp\libcr_eabihelpers.a(double.o)
                0x000068d0                __aeabi_dsub
 .text.__aeabi_dadd
                0x00006a94      0x12c c:/nxp/mcuxpressoide_11.0.0_2516/ide/plugins/com.nxp.mcuxpresso.tools.win32_11.0.0.201905131304/tools/bin/../lib/gcc/arm-none-eabi/8.2.1/thumb/v6-m/nofp\libcr_eabihelpers.a(double.o)
                0x00006a94                __aeabi_dadd
 .text.__aeabi_d2f
                0x00006bc0       0x60 c:/nxp/mcuxpressoide_11.0.0_2516/ide/plugins/com.nxp.mcuxpresso.tools.win32_11.0.0.201905131304/tools/bin/../lib/gcc/arm-none-eabi/8.2.1/thumb/v6-m/nofp\libcr_eabihelpers.a(double.o)
                0x00006bc0                __aeabi_d2f
 .text.__aeabi_d2iz
                0x00006c20       0x4c c:/nxp/mcuxpressoide_11.0.0_2516/ide/plugins/com.nxp.mcuxpresso.tools.win32_11.0.0.201905131304/tools/bin/../lib/gcc/arm-none-eabi/8.2.1/thumb/v6-m/nofp\libcr_eabihelpers.a(double.o)
                0x00006c20                __aeabi_d2iz
 .text.__aeabi_dcmpeq
                0x00006c6c       0x30 c:/nxp/mcuxpressoide_11.0.0_2516/ide/plugins/com.nxp.mcuxpresso.tools.win32_11.0.0.201905131304/tools/bin/../lib/gcc/arm-none-eabi/8.2.1/thumb/v6-m/nofp\libcr_eabihelpers.a(double.o)
                0x00006c6c                __aeabi_dcmpeq
 .text.__aeabi_dcmplt
                0x00006c9c       0x60 c:/nxp/mcuxpressoide_11.0.0_2516/ide/plugins/com.nxp.mcuxpresso.tools.win32_11.0.0.201905131304/tools/bin/../lib/gcc/arm-none-eabi/8.2.1/thumb/v6-m/nofp\libcr_eabihelpers.a(double.o)
                0x00006c9c                __aeabi_dcmplt
 .text.__aeabi_dcmpgt
                0x00006cfc       0x58 c:/nxp/mcuxpressoide_11.0.0_2516/ide/plugins/com.nxp.mcuxpresso.tools.win32_11.0.0.201905131304/tools/bin/../lib/gcc/arm-none-eabi/8.2.1/thumb/v6-m/nofp\libcr_eabihelpers.a(double.o)
                0x00006cfc                __aeabi_dcmpgt
 .text.__aeabi_dcmple
                0x00006d54       0x58 c:/nxp/mcuxpressoide_11.0.0_2516/ide/plugins/com.nxp.mcuxpresso.tools.win32_11.0.0.201905131304/tools/bin/../lib/gcc/arm-none-eabi/8.2.1/thumb/v6-m/nofp\libcr_eabihelpers.a(double.o)
                0x00006d54                __aeabi_dcmple
 .text.__aeabi_dcmpge
                0x00006dac       0x60 c:/nxp/mcuxpressoide_11.0.0_2516/ide/plugins/com.nxp.mcuxpresso.tools.win32_11.0.0.201905131304/tools/bin/../lib/gcc/arm-none-eabi/8.2.1/thumb/v6-m/nofp\libcr_eabihelpers.a(double.o)
                0x00006dac                __aeabi_dcmpge
 .text.__aeabi_fmul
                0x00006e0c       0xc4 c:/nxp/mcuxpressoide_11.0.0_2516/ide/plugins/com.nxp.mcuxpresso.tools.win32_11.0.0.201905131304/tools/bin/../lib/gcc/arm-none-eabi/8.2.1/thumb/v6-m/nofp\libcr_eabihelpers.a(float.o)
                0x00006e0c                __aeabi_fmul
 .text.__aeabi_fdiv
                0x00006ed0       0xdc c:/nxp/mcuxpressoide_11.0.0_2516/ide/plugins/com.nxp.mcuxpresso.tools.win32_11.0.0.201905131304/tools/bin/../lib/gcc/arm-none-eabi/8.2.1/thumb/v6-m/nofp\libcr_eabihelpers.a(float.o)
                0x00006ed0                __aeabi_fdiv
 .text.__aeabi_fsub
                0x00006fac      0x128 c:/nxp/mcuxpressoide_11.0.0_2516/ide/plugins/com.nxp.mcuxpresso.tools.win32_11.0.0.201905131304/tools/bin/../lib/gcc/arm-none-eabi/8.2.1/thumb/v6-m/nofp\libcr_eabihelpers.a(float.o)
                0x00006fac                __aeabi_fsub
 .text.__aeabi_fadd
                0x000070d4       0xac c:/nxp/mcuxpressoide_11.0.0_2516/ide/plugins/com.nxp.mcuxpresso.tools.win32_11.0.0.201905131304/tools/bin/../lib/gcc/arm-none-eabi/8.2.1/thumb/v6-m/nofp\libcr_eabihelpers.a(float.o)
                0x000070d4                __aeabi_fadd
 .text.__aeabi_f2iz
                0x00007180       0x3c c:/nxp/mcuxpressoide_11.0.0_2516/ide/plugins/com.nxp.mcuxpresso.tools.win32_11.0.0.201905131304/tools/bin/../lib/gcc/arm-none-eabi/8.2.1/thumb/v6-m/nofp\libcr_eabihelpers.a(float.o)
                0x00007180                __aeabi_f2iz
 .text.__aeabi_f2d
                0x000071bc       0x3c c:/nxp/mcuxpressoide_11.0.0_2516/ide/plugins/com.nxp.mcuxpresso.tools.win32_11.0.0.201905131304/tools/bin/../lib/gcc/arm-none-eabi/8.2.1/thumb/v6-m/nofp\libcr_eabihelpers.a(float.o)
                0x000071bc                __aeabi_f2d
 .text.DbgConsole_PrintfPaddingCharacter
                0x000071f8       0x46 ./utilities/fsl_debug_console.o
 .text.DbgConsole_ConvertRadixNumToString
                0x0000723e      0x114 ./utilities/fsl_debug_console.o
 .text.DbgConsole_PrintfFormattedData
                0x00007352      0x336 ./utilities/fsl_debug_console.o
 .text.emb_ReverseStr
                0x00007688       0x68 ./source/emb_util/emb_util.o
                0x00007688                emb_ReverseStr
 .text.emb_itoa
                0x000076f0       0xd8 ./source/emb_util/emb_util.o
                0x000076f0                emb_itoa
 .text.GPIO_WritePinOutput
                0x000077c8       0x34 ./source/display/lcd.o
 .text.lcd_WriteString
                0x000077fc       0x2a ./source/display/lcd.o
                0x000077fc                lcd_WriteString
 .text.lcd_WriteLn
                0x00007826       0x10 ./source/display/lcd.o
                0x00007826                lcd_WriteLn
 .text.GPIO_ReadPinInput
                0x00007836       0x20 ./source/diff_robot/diff_robot.o
 .text.robot_SetToStop
                0x00007856       0x1c ./source/diff_robot/diff_robot.o
                0x00007856                robot_SetToStop
 .text.GPIO_TogglePinsOutput
                0x00007872       0x18 ./source/diff_robot/fault.o
 .text.fault_Init
                0x0000788a        0xa ./source/diff_robot/fault.o
                0x0000788a                fault_Init
 .text.fault_VerifyDeadline
                0x00007894       0x24 ./source/diff_robot/fault.o
                0x00007894                fault_VerifyDeadline
 .text.lineDetect_Init
                0x000078b8        0xa ./source/diff_robot/line_sensor.o
                0x000078b8                lineDetect_Init
 .text.GPIO_WritePinOutput
                0x000078c2       0x34 ./source/diff_robot/motor_ctrl.o
 .text.TPM_StartTimer
                0x000078f6       0x3a ./source/diff_robot/motor_ctrl.o
 .text.PORT_GetPinsInterruptFlags
                0x00007930       0x16 ./source/diff_robot/motor_ctrl.o
 .text.PORT_ClearPinsInterruptFlags
                0x00007946       0x1a ./source/diff_robot/motor_ctrl.o
 .text.poseHand_Init
                0x00007960        0xa ./source/diff_robot/pose_handler.o
                0x00007960                poseHand_Init
 .text.GPIO_WritePinOutput
                0x0000796a       0x34 ./source/diff_robot/ultrasonic.o
 .text.TPM_GetStatusFlags
                0x0000799e       0x14 ./source/diff_robot/ultrasonic.o
 .text.TPM_ClearStatusFlags
                0x000079b2       0x18 ./source/diff_robot/ultrasonic.o
 .text.TPM_SetTimerPeriod
                0x000079ca       0x18 ./source/diff_robot/ultrasonic.o
 .text.TPM_StartTimer
                0x000079e2       0x3a ./source/diff_robot/ultrasonic.o
 .text.delayer_Wait10Cycles
                0x00007a1c        0xa ./source/delayer/delayer.o
                0x00007a1c                delayer_Wait10Cycles
 .text.delayer_Wait100Cycles
                0x00007a26       0x16 ./source/delayer/delayer.o
                0x00007a26                delayer_Wait100Cycles
 .text.delayer_WaitCycles
                0x00007a3c       0x44 ./source/delayer/delayer.o
                0x00007a3c                delayer_WaitCycles
 .text.main     0x00007a80       0x1a ./source/rt_robot.o
                0x00007a80                main
 .text.vListInitialise
                0x00007a9a       0x3c ./freertos/list.o
                0x00007a9a                vListInitialise
 .text.vListInitialiseItem
                0x00007ad6       0x16 ./freertos/list.o
                0x00007ad6                vListInitialiseItem
 .text.vListInsertEnd
                0x00007aec       0x44 ./freertos/list.o
                0x00007aec                vListInsertEnd
 .text.vListInsert
                0x00007b30       0x6c ./freertos/list.o
                0x00007b30                vListInsert
 .text.uxListRemove
                0x00007b9c       0x50 ./freertos/list.o
                0x00007b9c                uxListRemove
 .text.SVC_Handler
                0x00007bec        0xa ./freertos/port.o
                0x00007bec                SVC_Handler
 .text.ulSetInterruptMaskFromISR
                0x00007bf6        0xc ./freertos/port.o
                0x00007bf6                ulSetInterruptMaskFromISR
 .text.vClearInterruptMaskFromISR
                0x00007c02        0x8 ./freertos/port.o
                0x00007c02                vClearInterruptMaskFromISR
 .text.xQueueGenericReset
                0x00007c0a       0xa8 ./freertos/queue.o
                0x00007c0a                xQueueGenericReset
 .text.xQueueGenericCreate
                0x00007cb2       0x64 ./freertos/queue.o
                0x00007cb2                xQueueGenericCreate
 .text.prvInitialiseNewQueue
                0x00007d16       0x4e ./freertos/queue.o
 .text.prvInitialiseMutex
                0x00007d64       0x34 ./freertos/queue.o
 .text.xQueueCreateMutex
                0x00007d98       0x38 ./freertos/queue.o
                0x00007d98                xQueueCreateMutex
 .text.xQueueCreateCountingSemaphore
                0x00007dd0       0x46 ./freertos/queue.o
                0x00007dd0                xQueueCreateCountingSemaphore
 .text.xQueueGenericSend
                0x00007e16      0x188 ./freertos/queue.o
                0x00007e16                xQueueGenericSend
 .text.xQueueGenericSendFromISR
                0x00007f9e       0xe2 ./freertos/queue.o
                0x00007f9e                xQueueGenericSendFromISR
 .text.xQueueGiveFromISR
                0x00008080       0xca ./freertos/queue.o
                0x00008080                xQueueGiveFromISR
 .text.xQueueGenericReceive
                0x0000814a      0x1c8 ./freertos/queue.o
                0x0000814a                xQueueGenericReceive
 .text.xQueueReceiveFromISR
                0x00008312       0xc6 ./freertos/queue.o
                0x00008312                xQueueReceiveFromISR
 .text.prvCopyDataToQueue
                0x000083d8       0xd6 ./freertos/queue.o
 .text.prvCopyDataFromQueue
                0x000084ae       0x4c ./freertos/queue.o
 .text.prvUnlockQueue
                0x000084fa       0xbc ./freertos/queue.o
 .text.prvIsQueueEmpty
                0x000085b6       0x2c ./freertos/queue.o
 .text.prvIsQueueFull
                0x000085e2       0x30 ./freertos/queue.o
 .text.xQueueIsQueueFullFromISR
                0x00008612       0x32 ./freertos/queue.o
                0x00008612                xQueueIsQueueFullFromISR
 .text.vQueueWaitForMessageRestricted
                0x00008644       0x66 ./freertos/queue.o
                0x00008644                vQueueWaitForMessageRestricted
 .text.xTaskCreate
                0x000086aa       0x90 ./freertos/tasks.o
                0x000086aa                xTaskCreate
 .text.prvDeleteTCB
                0x0000873a       0x22 ./freertos/tasks.o
 .text.prvTimerTask
                0x0000875c       0x28 ./freertos/timers.o
 .text.OSC_SetExtRefClkConfig
                0x00008784       0x3e ./drivers/fsl_clock.o
 .text.OSC_SetCapLoad
                0x000087c2       0x42 ./drivers/fsl_clock.o
 .text.CLOCK_GetPll0RefFreq
                0x00008804       0x10 ./drivers/fsl_clock.o
 .text.CLOCK_SetExternalRefClkConfig
                0x00008814       0x16 ./drivers/fsl_clock.o
                0x00008814                CLOCK_SetExternalRefClkConfig
 .text.GPIO_WritePinOutput
                0x0000882a       0x34 ./drivers/fsl_gpio.o
 .text.I2C_MasterClearStatusFlags
                0x0000885e       0x38 ./drivers/fsl_i2c.o
 .text.I2C_MasterStop
                0x00008896       0x64 ./drivers/fsl_i2c.o
                0x00008896                I2C_MasterStop
 .text.I2C_MasterGetStatusFlags
                0x000088fa       0x32 ./drivers/fsl_i2c.o
                0x000088fa                I2C_MasterGetStatusFlags
 .text.I2C_MasterReadBlocking
                0x0000892c       0xea ./drivers/fsl_i2c.o
                0x0000892c                I2C_MasterReadBlocking
 .text.TPM_EnableInterrupts
                0x00008a16       0x80 ./drivers/fsl_tpm.o
                0x00008a16                TPM_EnableInterrupts
 .text.BOARD_InitBootClocks
                0x00008a96        0xe ./board/clock_config.o
                0x00008a96                BOARD_InitBootClocks
 .text.BOARD_InitBootPins
                0x00008aa4        0xe ./board/pin_mux.o
                0x00008aa4                BOARD_InitBootPins
 .text.memcpy   0x00008ab2        0x8 c:/nxp/mcuxpressoide_11.0.0_2516/ide/plugins/com.nxp.mcuxpresso.tools.win32_11.0.0.201905131304/tools/bin/../lib/gcc/arm-none-eabi/8.2.1/../../../../arm-none-eabi/lib/thumb/v6-m/nofp\libcr_c.a(memcpy.o)
                0x00008ab2                memcpy
 .text.memset   0x00008aba        0x8 c:/nxp/mcuxpressoide_11.0.0_2516/ide/plugins/com.nxp.mcuxpresso.tools.win32_11.0.0.201905131304/tools/bin/../lib/gcc/arm-none-eabi/8.2.1/../../../../arm-none-eabi/lib/thumb/v6-m/nofp\libcr_c.a(memset.o)
                0x00008aba                memset
 .text.sin      0x00008ac2       0x36 c:/nxp/mcuxpressoide_11.0.0_2516/ide/plugins/com.nxp.mcuxpresso.tools.win32_11.0.0.201905131304/tools/bin/../lib/gcc/arm-none-eabi/8.2.1/../../../../arm-none-eabi/lib/thumb/v6-m/nofp\libcr_c.a(sin.o)
                0x00008ac2                sin
 .text.fabs     0x00008af8       0x22 c:/nxp/mcuxpressoide_11.0.0_2516/ide/plugins/com.nxp.mcuxpresso.tools.win32_11.0.0.201905131304/tools/bin/../lib/gcc/arm-none-eabi/8.2.1/../../../../arm-none-eabi/lib/thumb/v6-m/nofp\libcr_c.a(fabs.o)
                0x00008af8                fabs
 .text.__aeabi_division_idivmod
                0x00008b1a       0x78 c:/nxp/mcuxpressoide_11.0.0_2516/ide/plugins/com.nxp.mcuxpresso.tools.win32_11.0.0.201905131304/tools/bin/../lib/gcc/arm-none-eabi/8.2.1/thumb/v6-m/nofp\libcr_eabihelpers.a(division_32.o)
                0x00008b1a                __aeabi_idivmod
                0x00008b1a                __aeabi_idiv
                0x00008b20                __aeabi_uidivmod
                0x00008b20                __aeabi_uidiv
 .text.__aeabi_division_idiv0
                0x00008b92        0x2 c:/nxp/mcuxpressoide_11.0.0_2516/ide/plugins/com.nxp.mcuxpresso.tools.win32_11.0.0.201905131304/tools/bin/../lib/gcc/arm-none-eabi/8.2.1/thumb/v6-m/nofp\libcr_eabihelpers.a(division_idiv0.o)
                0x00008b92                __aeabi_idiv0
 .text.__bhs_ui2d
                0x00008b94       0x5e c:/nxp/mcuxpressoide_11.0.0_2516/ide/plugins/com.nxp.mcuxpresso.tools.win32_11.0.0.201905131304/tools/bin/../lib/gcc/arm-none-eabi/8.2.1/thumb/v6-m/nofp\libcr_eabihelpers.a(double.o)
                0x00008b94                __bhs_ui2d
 .text.__aeabi_i2d
                0x00008bf2       0x18 c:/nxp/mcuxpressoide_11.0.0_2516/ide/plugins/com.nxp.mcuxpresso.tools.win32_11.0.0.201905131304/tools/bin/../lib/gcc/arm-none-eabi/8.2.1/thumb/v6-m/nofp\libcr_eabihelpers.a(double.o)
                0x00008bf2                __aeabi_i2d
 .text.__aeabi_f2uiz
                0x00008c0a       0x2a c:/nxp/mcuxpressoide_11.0.0_2516/ide/plugins/com.nxp.mcuxpresso.tools.win32_11.0.0.201905131304/tools/bin/../lib/gcc/arm-none-eabi/8.2.1/thumb/v6-m/nofp\libcr_eabihelpers.a(float.o)
                0x00008c0a                __aeabi_f2uiz
 .text.__bhs_ui2f
                0x00008c34       0x62 c:/nxp/mcuxpressoide_11.0.0_2516/ide/plugins/com.nxp.mcuxpresso.tools.win32_11.0.0.201905131304/tools/bin/../lib/gcc/arm-none-eabi/8.2.1/thumb/v6-m/nofp\libcr_eabihelpers.a(float.o)
                0x00008c34                __bhs_ui2f
 .text.__aeabi_i2f
                0x00008c96       0x18 c:/nxp/mcuxpressoide_11.0.0_2516/ide/plugins/com.nxp.mcuxpresso.tools.win32_11.0.0.201905131304/tools/bin/../lib/gcc/arm-none-eabi/8.2.1/thumb/v6-m/nofp\libcr_eabihelpers.a(float.o)
                0x00008c96                __aeabi_i2f
 .text.__aeabi_ui2f
                0x00008cae        0xc c:/nxp/mcuxpressoide_11.0.0_2516/ide/plugins/com.nxp.mcuxpresso.tools.win32_11.0.0.201905131304/tools/bin/../lib/gcc/arm-none-eabi/8.2.1/thumb/v6-m/nofp\libcr_eabihelpers.a(float.o)
                0x00008cae                __aeabi_ui2f
 .text.__aeabi_fcmplt
                0x00008cba       0x44 c:/nxp/mcuxpressoide_11.0.0_2516/ide/plugins/com.nxp.mcuxpresso.tools.win32_11.0.0.201905131304/tools/bin/../lib/gcc/arm-none-eabi/8.2.1/thumb/v6-m/nofp\libcr_eabihelpers.a(float.o)
                0x00008cba                __aeabi_fcmplt
 .text.__aeabi_fcmpgt
                0x00008cfe       0x3e c:/nxp/mcuxpressoide_11.0.0_2516/ide/plugins/com.nxp.mcuxpresso.tools.win32_11.0.0.201905131304/tools/bin/../lib/gcc/arm-none-eabi/8.2.1/thumb/v6-m/nofp\libcr_eabihelpers.a(float.o)
                0x00008cfe                __aeabi_fcmpgt
 .text.__aeabi_llong_lmul
                0x00008d3c       0x2e c:/nxp/mcuxpressoide_11.0.0_2516/ide/plugins/com.nxp.mcuxpresso.tools.win32_11.0.0.201905131304/tools/bin/../lib/gcc/arm-none-eabi/8.2.1/thumb/v6-m/nofp\libcr_eabihelpers.a(llong.o)
                0x00008d3c                __aeabi_lmul
 .text.__aeabi_memcpy
                0x00008d6a       0x2c c:/nxp/mcuxpressoide_11.0.0_2516/ide/plugins/com.nxp.mcuxpresso.tools.win32_11.0.0.201905131304/tools/bin/../lib/gcc/arm-none-eabi/8.2.1/thumb/v6-m/nofp\libcr_eabihelpers.a(memcpy.o)
                0x00008d6a                __aeabi_memcpy4
                0x00008d6a                __aeabi_memcpy8
                0x00008d6a                __aeabi_memcpy
 .text.__aeabi_memset_lowlevel
                0x00008d96       0x2a c:/nxp/mcuxpressoide_11.0.0_2516/ide/plugins/com.nxp.mcuxpresso.tools.win32_11.0.0.201905131304/tools/bin/../lib/gcc/arm-none-eabi/8.2.1/thumb/v6-m/nofp\libcr_eabihelpers.a(memcpy.o)
                0x00008d96                __aeabi_lowlevel_memset
 *(SORT_BY_ALIGNMENT(.rodata) SORT_BY_ALIGNMENT(.rodata.*) SORT_BY_ALIGNMENT(.constdata) SORT_BY_ALIGNMENT(.constdata.*))
 .rodata.a1.3979
                0x00008dc0       0x88 c:/nxp/mcuxpressoide_11.0.0_2516/ide/plugins/com.nxp.mcuxpresso.tools.win32_11.0.0.201905131304/tools/bin/../lib/gcc/arm-none-eabi/8.2.1/../../../../arm-none-eabi/lib/thumb/v6-m/nofp\libcr_c.a(pow.o)
 .rodata.a2.3980
                0x00008e48       0x40 c:/nxp/mcuxpressoide_11.0.0_2516/ide/plugins/com.nxp.mcuxpresso.tools.win32_11.0.0.201905131304/tools/bin/../lib/gcc/arm-none-eabi/8.2.1/../../../../arm-none-eabi/lib/thumb/v6-m/nofp\libcr_c.a(pow.o)
 .rodata        0x00008e88        0xe ./source/diff_robot/diff_robot.o
 *fill*         0x00008e96        0x2 ff
 .rodata        0x00008e98       0x15 ./source/diff_robot/display.o
 *fill*         0x00008ead        0x3 ff
 .rodata        0x00008eb0        0x4 ./source/diff_robot/imu.o
 .rodata.config_as_output_low
                0x00008eb4        0x2 ./source/diff_robot/motor_ctrl.o
 *fill*         0x00008eb6        0x2 ff
 .rodata        0x00008eb8       0x16 ./source/diff_robot/motor_ctrl.o
 *fill*         0x00008ece        0x2 ff
 .rodata        0x00008ed0        0x5 ./source/diff_robot/pose_handler.o
 *fill*         0x00008ed5        0x3 ff
 .rodata        0x00008ed8        0x4 ./source/diff_robot/ultrasonic.o
 .rodata        0x00008edc        0x5 ./freertos/tasks.o
 *fill*         0x00008ee1        0x3 ff
 .rodata        0x00008ee4        0xd ./freertos/timers.o
 *fill*         0x00008ef1        0x3 ff
 .rodata.prvProcessReceivedCommands
                0x00008ef4       0x28 ./freertos/timers.o
 .rodata        0x00008f1c       0x47 ./drivers/fsl_clock.o
 *fill*         0x00008f63        0x1 ff
 .rodata.__func__.5330
                0x00008f64       0x17 ./drivers/fsl_clock.o
 *fill*         0x00008f7b        0x1 ff
 .rodata.fllFactorTable.5436
                0x00008f7c       0x10 ./drivers/fsl_clock.o
 .rodata.__func__.5451
                0x00008f8c       0x12 ./drivers/fsl_clock.o
 *fill*         0x00008f9e        0x2 ff
 .rodata.__func__.5491
                0x00008fa0       0x11 ./drivers/fsl_clock.o
 *fill*         0x00008fb1        0x3 ff
 .rodata.__func__.5628
                0x00008fb4       0x11 ./drivers/fsl_clock.o
 *fill*         0x00008fc5        0x3 ff
 .rodata.__func__.5695
                0x00008fc8       0x14 ./drivers/fsl_clock.o
 .rodata        0x00008fdc       0x3e ./drivers/fsl_common.o
 *fill*         0x0000901a        0x2 ff
 .rodata        0x0000901c       0x43 ./drivers/fsl_gpio.o
 *fill*         0x0000905f        0x1 ff
 .rodata.__func__.5351
                0x00009060        0xd ./drivers/fsl_gpio.o
 *fill*         0x0000906d        0x3 ff
 .rodata.s_i2cDividerTable
                0x00009070       0x80 ./drivers/fsl_i2c.o
 .rodata.s_i2cBases
                0x000090f0        0x8 ./drivers/fsl_i2c.o
 .rodata.s_i2cClocks
                0x000090f8        0x8 ./drivers/fsl_i2c.o
 .rodata        0x00009100       0xc6 ./drivers/fsl_i2c.o
 *fill*         0x000091c6        0x2 ff
 .rodata.__func__.5559
                0x000091c8       0x10 ./drivers/fsl_i2c.o
 .rodata.__func__.5615
                0x000091d8        0xf ./drivers/fsl_i2c.o
 *fill*         0x000091e7        0x1 ff
 .rodata.__func__.5623
                0x000091e8       0x1b ./drivers/fsl_i2c.o
 *fill*         0x00009203        0x1 ff
 .rodata.s_tpmBases
                0x00009204        0xc ./drivers/fsl_tpm.o
 .rodata.s_tpmClocks
                0x00009210        0xc ./drivers/fsl_tpm.o
 .rodata        0x0000921c       0xb0 ./drivers/fsl_tpm.o
 .rodata.__func__.5474
                0x000092cc       0x10 ./drivers/fsl_tpm.o
 .rodata.__func__.5479
                0x000092dc        0x9 ./drivers/fsl_tpm.o
 *fill*         0x000092e5        0x3 ff
 .rodata.__func__.5486
                0x000092e8       0x15 ./drivers/fsl_tpm.o
 *fill*         0x000092fd        0x3 ff
 .rodata.__func__.5495
                0x00009300        0xd ./drivers/fsl_tpm.o
 *fill*         0x0000930d        0x3 ff
 .rodata.__func__.5519
                0x00009310       0x17 ./drivers/fsl_tpm.o
 *fill*         0x00009327        0x1 ff
 .rodata.__func__.5540
                0x00009328       0x16 ./drivers/fsl_tpm.o
 *fill*         0x0000933e        0x2 ff
 .rodata.mcgConfig_BOARD_BootClockRUN
                0x00009340        0xa ./board/clock_config.o
                0x00009340                mcgConfig_BOARD_BootClockRUN
 *fill*         0x0000934a        0x2 ff
 .rodata.simConfig_BOARD_BootClockRUN
                0x0000934c        0x8 ./board/clock_config.o
                0x0000934c                simConfig_BOARD_BootClockRUN
 .rodata.oscConfig_BOARD_BootClockRUN
                0x00009354        0x8 ./board/clock_config.o
                0x00009354                oscConfig_BOARD_BootClockRUN
 .rodata        0x0000935c        0x2 ./board/pin_mux.o
                0x00009360                . = ALIGN (0x4)
 *fill*         0x0000935e        0x2 ff

.glue_7         0x00009360        0x0
 .glue_7        0x00009360        0x0 linker stubs

.glue_7t        0x00009360        0x0
 .glue_7t       0x00009360        0x0 linker stubs

.vfp11_veneer   0x00009360        0x0
 .vfp11_veneer  0x00009360        0x0 linker stubs

.v4_bx          0x00009360        0x0
 .v4_bx         0x00009360        0x0 linker stubs

.iplt           0x00009360        0x0
 .iplt          0x00009360        0x0 ./utilities/fsl_debug_console.o

.rel.dyn        0x00009360        0x0
 .rel.iplt      0x00009360        0x0 ./utilities/fsl_debug_console.o

.ARM.extab
 *(SORT_BY_ALIGNMENT(.ARM.extab*) SORT_BY_ALIGNMENT(.gnu.linkonce.armextab.*))
                0x00009360                __exidx_start = .

.ARM.exidx
 *(SORT_BY_ALIGNMENT(.ARM.exidx*) SORT_BY_ALIGNMENT(.gnu.linkonce.armexidx.*))
                0x00009360                __exidx_end = .
                0x00009360                _etext = .

.m_usb_data
 *(SORT_BY_ALIGNMENT(m_usb_bdt))

.mtb_buffer_default
                0x1ffff000       0x80
 *(SORT_BY_ALIGNMENT(.mtb*))
 .mtb.$RAM1     0x1ffff000       0x80 ./source/mtb.o
                0x1ffff000                __mtb_buffer__

.uninit_RESERVED
                0x1ffff080        0x0
                0x1ffff080                . = ALIGN (0x4)
 *(SORT_BY_ALIGNMENT(.bss.$RESERVED*))
                0x1ffff080                . = ALIGN (0x4)
                0x1ffff080                _end_uninit_RESERVED = .

.data           0x1ffff080       0x1c load address 0x00009360
 FILL mask 0xff
                0x1ffff080                _data = .
 *(SORT_BY_ALIGNMENT(vtable))
 *(SORT_BY_ALIGNMENT(.ramfunc*))
 *(SORT_BY_ALIGNMENT(.data*))
 .data.tpm1_chnls_param
                0x1ffff080        0x6 ./source/diff_robot/motor_ctrl.o
                0x1ffff080                tpm1_chnls_param
 *fill*         0x1ffff086        0x2 ff
 .data.uxCriticalNesting
                0x1ffff088        0x4 ./freertos/port.o
 .data.s_slowIrcFreq
                0x1ffff08c        0x4 ./drivers/fsl_clock.o
 .data.s_fastIrcFreq
                0x1ffff090        0x4 ./drivers/fsl_clock.o
 .data.SystemCoreClock
                0x1ffff094        0x4 ./CMSIS/system_MKL25Z4.o
                0x1ffff094                SystemCoreClock
 .data.isLeftRise
                0x1ffff098        0x1 ./source/diff_robot/ultrasonic.o
 .data.isFrontRise
                0x1ffff099        0x1 ./source/diff_robot/ultrasonic.o
 .data.isRightRise
                0x1ffff09a        0x1 ./source/diff_robot/ultrasonic.o
                0x1ffff09c                . = ALIGN (0x4)
 *fill*         0x1ffff09b        0x1 ff
                0x1ffff09c                _edata = .

.igot.plt       0x1ffff09c        0x0 load address 0x0000937c
 .igot.plt      0x1ffff09c        0x0 ./utilities/fsl_debug_console.o

.bss            0x1ffff09c     0x2b30 load address 0x0000937c
                0x1ffff09c                . = ALIGN (0x4)
                0x1ffff09c                _bss = .
 *(SORT_BY_ALIGNMENT(.bss*))
 .bss.s_debugConsole
                0x1ffff09c       0x10 ./utilities/fsl_debug_console.o
 .bss._row_offsets
                0x1ffff0ac        0x4 ./source/display/lcd.o
 .bss._lcdBus   0x1ffff0b0       0x30 ./source/display/lcd.o
 .bss.xCmdVelSem
                0x1ffff0e0        0x4 ./source/diff_robot/communic.o
                0x1ffff0e0                xCmdVelSem
 .bss.xObstLeftSem
                0x1ffff0e4        0x4 ./source/diff_robot/communic.o
                0x1ffff0e4                xObstLeftSem
 .bss.xObstFrontSem
                0x1ffff0e8        0x4 ./source/diff_robot/communic.o
                0x1ffff0e8                xObstFrontSem
 .bss.xObstRightSem
                0x1ffff0ec        0x4 ./source/diff_robot/communic.o
                0x1ffff0ec                xObstRightSem
 .bss.xLineDirSem
                0x1ffff0f0        0x4 ./source/diff_robot/communic.o
                0x1ffff0f0                xLineDirSem
 .bss.xPose2DSem
                0x1ffff0f4        0x4 ./source/diff_robot/communic.o
                0x1ffff0f4                xPose2DSem
 .bss.xDelthaDistSem
                0x1ffff0f8        0x4 ./source/diff_robot/communic.o
                0x1ffff0f8                xDelthaDistSem
 .bss.xDelthaThetaSem
                0x1ffff0fc        0x4 ./source/diff_robot/communic.o
                0x1ffff0fc                xDelthaThetaSem
 .bss.cmdVelMsg
                0x1ffff100        0xc ./source/diff_robot/communic.o
 .bss.pose2DMsg
                0x1ffff10c        0xc ./source/diff_robot/communic.o
 .bss.delthaDistMsg
                0x1ffff118        0x4 ./source/diff_robot/communic.o
 .bss.delthaThetaMsg
                0x1ffff11c        0x4 ./source/diff_robot/communic.o
 .bss.xSignalInitSem
                0x1ffff120        0x4 ./source/diff_robot/communic.o
 .bss.initialTime
                0x1ffff124        0x4 ./source/diff_robot/communic.o
                0x1ffff124                initialTime
 .bss.obstDist  0x1ffff128        0x6 ./source/diff_robot/diff_robot.o
 *fill*         0x1ffff12e        0x2 
 .bss._maxLinearSpeed
                0x1ffff130        0x4 ./source/diff_robot/diff_robot.o
 .bss._maxAngularSpeed
                0x1ffff134        0x4 ./source/diff_robot/diff_robot.o
 .bss.xCtrlTaskPeriod
                0x1ffff138        0x4 ./source/diff_robot/diff_robot.o
 .bss.xDisplayTaskPeriod
                0x1ffff13c        0x4 ./source/diff_robot/display.o
 .bss.xMpuTaskPeriod
                0x1ffff140        0x4 ./source/diff_robot/imu.o
 .bss._sampleRate
                0x1ffff144        0x4 ./source/diff_robot/imu.o
 .bss.tpm1_config
                0x1ffff148        0x8 ./source/diff_robot/motor_ctrl.o
                0x1ffff148                tpm1_config
 .bss.xMotorCtrlTaskPeriod
                0x1ffff150        0x4 ./source/diff_robot/motor_ctrl.o
 .bss.xMotorOdomTaskPeriod
                0x1ffff154        0x4 ./source/diff_robot/motor_ctrl.o
 .bss._maxWheelSpeed
                0x1ffff158        0x4 ./source/diff_robot/motor_ctrl.o
 .bss.xRightEncoderQueue
                0x1ffff15c        0x4 ./source/diff_robot/motor_ctrl.o
                0x1ffff15c                xRightEncoderQueue
 .bss.xLeftEncoderQueue
                0x1ffff160        0x4 ./source/diff_robot/motor_ctrl.o
                0x1ffff160                xLeftEncoderQueue
 .bss.rightEncoderCounter.6193
                0x1ffff164        0x4 ./source/diff_robot/motor_ctrl.o
 .bss.leftEncoderCounter.6194
                0x1ffff168        0x4 ./source/diff_robot/motor_ctrl.o
 .bss.xPoseTaskPeriod
                0x1ffff16c        0x4 ./source/diff_robot/pose_handler.o
 .bss.tpm0_config
                0x1ffff170        0x8 ./source/diff_robot/ultrasonic.o
 .bss.xUltraTaskPeriod
                0x1ffff178        0x4 ./source/diff_robot/ultrasonic.o
 .bss.xRightEchoSemphr
                0x1ffff17c        0x4 ./source/diff_robot/ultrasonic.o
 .bss.xLeftEchoSemphr
                0x1ffff180        0x4 ./source/diff_robot/ultrasonic.o
 .bss.xFrontEchoSemphr
                0x1ffff184        0x4 ./source/diff_robot/ultrasonic.o
 .bss.frequency
                0x1ffff188        0x4 ./source/delayer/delayer.o
                0x1ffff188                frequency
 .bss.cyclesForUs
                0x1ffff18c        0x4 ./source/delayer/delayer.o
                0x1ffff18c                cyclesForUs
 .bss.cyclesForMs
                0x1ffff190        0x4 ./source/delayer/delayer.o
                0x1ffff190                cyclesForMs
 .bss.ucHeap    0x1ffff194     0x2800 ./freertos/heap_4.o
 .bss.xStart    0x20001994        0x8 ./freertos/heap_4.o
 .bss.pxEnd     0x2000199c        0x4 ./freertos/heap_4.o
 .bss.xFreeBytesRemaining
                0x200019a0        0x4 ./freertos/heap_4.o
 .bss.xMinimumEverFreeBytesRemaining
                0x200019a4        0x4 ./freertos/heap_4.o
 .bss.xBlockAllocatedBit
                0x200019a8        0x4 ./freertos/heap_4.o
 .bss.xQueueRegistry
                0x200019ac       0x40 ./freertos/queue.o
                0x200019ac                xQueueRegistry
 .bss.pxCurrentTCB
                0x200019ec        0x4 ./freertos/tasks.o
                0x200019ec                pxCurrentTCB
 .bss.pxReadyTasksLists
                0x200019f0       0xb4 ./freertos/tasks.o
 .bss.xDelayedTaskList1
                0x20001aa4       0x14 ./freertos/tasks.o
 .bss.xDelayedTaskList2
                0x20001ab8       0x14 ./freertos/tasks.o
 .bss.pxDelayedTaskList
                0x20001acc        0x4 ./freertos/tasks.o
 .bss.pxOverflowDelayedTaskList
                0x20001ad0        0x4 ./freertos/tasks.o
 .bss.xPendingReadyList
                0x20001ad4       0x14 ./freertos/tasks.o
 .bss.xTasksWaitingTermination
                0x20001ae8       0x14 ./freertos/tasks.o
 .bss.uxDeletedTasksWaitingCleanUp
                0x20001afc        0x4 ./freertos/tasks.o
 .bss.xSuspendedTaskList
                0x20001b00       0x14 ./freertos/tasks.o
 .bss.uxCurrentNumberOfTasks
                0x20001b14        0x4 ./freertos/tasks.o
 .bss.xTickCount
                0x20001b18        0x4 ./freertos/tasks.o
 .bss.uxTopReadyPriority
                0x20001b1c        0x4 ./freertos/tasks.o
 .bss.xSchedulerRunning
                0x20001b20        0x4 ./freertos/tasks.o
 .bss.uxPendedTicks
                0x20001b24        0x4 ./freertos/tasks.o
 .bss.xYieldPending
                0x20001b28        0x4 ./freertos/tasks.o
 .bss.xNumOfOverflows
                0x20001b2c        0x4 ./freertos/tasks.o
 .bss.uxTaskNumber
                0x20001b30        0x4 ./freertos/tasks.o
 .bss.xNextTaskUnblockTime
                0x20001b34        0x4 ./freertos/tasks.o
 .bss.xIdleTaskHandle
                0x20001b38        0x4 ./freertos/tasks.o
 .bss.uxSchedulerSuspended
                0x20001b3c        0x4 ./freertos/tasks.o
 .bss.xActiveTimerList1
                0x20001b40       0x14 ./freertos/timers.o
 .bss.xActiveTimerList2
                0x20001b54       0x14 ./freertos/timers.o
 .bss.pxCurrentTimerList
                0x20001b68        0x4 ./freertos/timers.o
 .bss.pxOverflowTimerList
                0x20001b6c        0x4 ./freertos/timers.o
 .bss.xTimerQueue
                0x20001b70        0x4 ./freertos/timers.o
 .bss.xTimerTaskHandle
                0x20001b74        0x4 ./freertos/timers.o
 .bss.xLastTime.4575
                0x20001b78        0x4 ./freertos/timers.o
 .bss.g_xtal0Freq
                0x20001b7c        0x4 ./drivers/fsl_clock.o
                0x20001b7c                g_xtal0Freq
 .bss.s_i2cHandle
                0x20001b80        0x8 ./drivers/fsl_i2c.o
 .bss.s_i2cMasterIsr
                0x20001b88        0x4 ./drivers/fsl_i2c.o
 .bss.s_i2cSlaveIsr
                0x20001b8c        0x4 ./drivers/fsl_i2c.o
 .bss.s_lpsciHandle
                0x20001b90        0x4 ./drivers/fsl_lpsci.o
 .bss.s_lpsciIsr
                0x20001b94        0x4 ./drivers/fsl_lpsci.o
 .bss.s_uartHandle
                0x20001b98        0xc ./drivers/fsl_uart.o
 .bss.s_uartIsr
                0x20001ba4        0x4 ./drivers/fsl_uart.o
 .bss.errno     0x20001ba8        0x4 c:/nxp/mcuxpressoide_11.0.0_2516/ide/plugins/com.nxp.mcuxpresso.tools.win32_11.0.0.201905131304/tools/bin/../lib/gcc/arm-none-eabi/8.2.1/../../../../arm-none-eabi/lib/thumb/v6-m/nofp\libcr_c.a(errno.o)
                0x20001ba8                errno
 .bss.obstLeftMsg
                0x20001bac        0x2 ./source/diff_robot/communic.o
 .bss.obstFrontMsg
                0x20001bae        0x2 ./source/diff_robot/communic.o
 .bss.obstRightMsg
                0x20001bb0        0x2 ./source/diff_robot/communic.o
 .bss._gyXOffset
                0x20001bb2        0x2 ./source/diff_robot/imu.o
                0x20001bb2                _gyXOffset
 .bss._gyYOffset
                0x20001bb4        0x2 ./source/diff_robot/imu.o
                0x20001bb4                _gyYOffset
 .bss._gyZOffset
                0x20001bb6        0x2 ./source/diff_robot/imu.o
                0x20001bb6                _gyZOffset
 .bss.pulseTimeRiseLeft
                0x20001bb8        0x2 ./source/diff_robot/ultrasonic.o
 .bss.pulseTimeFallLeft
                0x20001bba        0x2 ./source/diff_robot/ultrasonic.o
 .bss.pulseTimeRiseFront
                0x20001bbc        0x2 ./source/diff_robot/ultrasonic.o
 .bss.pulseTimeFallFront
                0x20001bbe        0x2 ./source/diff_robot/ultrasonic.o
 .bss.pulseTimeRiseRight
                0x20001bc0        0x2 ./source/diff_robot/ultrasonic.o
 .bss.pulseTimeFallRight
                0x20001bc2        0x2 ./source/diff_robot/ultrasonic.o
 .bss._displayfunction
                0x20001bc4        0x1 ./source/display/lcd.o
 .bss._displaycontrol
                0x20001bc5        0x1 ./source/display/lcd.o
 .bss._displaymode
                0x20001bc6        0x1 ./source/display/lcd.o
 .bss._numlines
                0x20001bc7        0x1 ./source/display/lcd.o
 .bss.rightWheelDir
                0x20001bc8        0x1 ./source/diff_robot/motor_ctrl.o
 .bss.leftWheelDir
                0x20001bc9        0x1 ./source/diff_robot/motor_ctrl.o
 .bss._echoTimeOut
                0x20001bca        0x1 ./source/diff_robot/ultrasonic.o
 *(SORT_BY_ALIGNMENT(COMMON))
                0x20001bcc                . = ALIGN (0x4)
 *fill*         0x20001bcb        0x1 
                0x20001bcc                _ebss = .
                [!provide]                PROVIDE (end = .)

.noinit         0x20001bcc        0x0 load address 0x0000937c
                0x20001bcc                . = ALIGN (0x4)
                0x20001bcc                _noinit = .
 *(SORT_BY_ALIGNMENT(.noinit*))
                0x20001bcc                . = ALIGN (0x4)
                0x20001bcc                _end_noinit = .
                0x00000400                _HeapSize = 0x400

.heap           0x20001bcc      0x400 load address 0x0000937c
                0x20001bcc                _pvHeapStart = .
                0x20001fcc                . = (. + _HeapSize)
 *fill*         0x20001bcc      0x400 
                0x20001fcc                . = ALIGN (0x4)
                0x20001fcc                _pvHeapLimit = .
                0x00000400                _StackSize = 0x400

.heap2stackfill
                0x20001fcc      0x400 load address 0x0000937c
                0x200023cc                . = (. + _StackSize)
 *fill*         0x20001fcc      0x400 

.stack          0x20002c00        0x0
                0x20002c00                _vStackBase = .
                0x20002c00                . = ALIGN (0x4)
                0x20003000                _vStackTop = (. + _StackSize)
                0x00000000                _image_start = LOADADDR (.text)
                0x0000937c                _image_end = (LOADADDR (.data) + SIZEOF (.data))
                0x0000937c                _image_size = (_image_end - _image_start)
OUTPUT(rt_robot.axf elf32-littlearm)

.debug_info     0x00000000    0x198eb
 .debug_info    0x00000000     0x1751 ./utilities/fsl_debug_console.o
 .debug_info    0x00001751      0x4df ./startup/startup_mkl25z4.o
 .debug_info    0x00001c30      0x2ad ./source/emb_util/emb_util.o
 .debug_info    0x00001edd      0x7b9 ./source/display/lcd.o
 .debug_info    0x00002696      0x646 ./source/diff_robot/communic.o
 .debug_info    0x00002cdc      0x716 ./source/diff_robot/diff_robot.o
 .debug_info    0x000033f2      0x4f8 ./source/diff_robot/display.o
 .debug_info    0x000038ea      0x495 ./source/diff_robot/fault.o
 .debug_info    0x00003d7f      0x91f ./source/diff_robot/imu.o
 .debug_info    0x0000469e      0x3e9 ./source/diff_robot/line_sensor.o
 .debug_info    0x00004a87     0x131f ./source/diff_robot/motor_ctrl.o
 .debug_info    0x00005da6      0x3eb ./source/diff_robot/pose_handler.o
 .debug_info    0x00006191      0xe77 ./source/diff_robot/ultrasonic.o
 .debug_info    0x00007008      0xbc5 ./source/delayer/delayer.o
 .debug_info    0x00007bcd       0x53 ./source/mtb.o
 .debug_info    0x00007c20      0x54e ./source/rt_robot.o
 .debug_info    0x0000816e       0xec ./freertos/fsl_tickless_lptmr.o
 .debug_info    0x0000825a      0x334 ./freertos/heap_4.o
 .debug_info    0x0000858e      0x2eb ./freertos/list.o
 .debug_info    0x00008879      0x27a ./freertos/port.o
 .debug_info    0x00008af3      0xefb ./freertos/queue.o
 .debug_info    0x000099ee     0x18af ./freertos/tasks.o
 .debug_info    0x0000b29d      0xb92 ./freertos/timers.o
 .debug_info    0x0000be2f     0x2414 ./drivers/fsl_clock.o
 .debug_info    0x0000e243      0xceb ./drivers/fsl_common.o
 .debug_info    0x0000ef2e      0xe37 ./drivers/fsl_gpio.o
 .debug_info    0x0000fd65     0x2510 ./drivers/fsl_i2c.o
 .debug_info    0x00012275     0x1f30 ./drivers/fsl_lpsci.o
 .debug_info    0x000141a5     0x1650 ./drivers/fsl_tpm.o
 .debug_info    0x000157f5     0x1ead ./drivers/fsl_uart.o
 .debug_info    0x000176a2     0x1387 ./board/clock_config.o
 .debug_info    0x00018a29      0x215 ./board/peripherals.o
 .debug_info    0x00018c3e      0x888 ./board/pin_mux.o
 .debug_info    0x000194c6      0x425 ./CMSIS/system_MKL25Z4.o

.debug_abbrev   0x00000000     0x4af3
 .debug_abbrev  0x00000000      0x38c ./utilities/fsl_debug_console.o
 .debug_abbrev  0x0000038c      0x18d ./startup/startup_mkl25z4.o
 .debug_abbrev  0x00000519      0x117 ./source/emb_util/emb_util.o
 .debug_abbrev  0x00000630      0x2ac ./source/display/lcd.o
 .debug_abbrev  0x000008dc      0x186 ./source/diff_robot/communic.o
 .debug_abbrev  0x00000a62      0x239 ./source/diff_robot/diff_robot.o
 .debug_abbrev  0x00000c9b      0x17b ./source/diff_robot/display.o
 .debug_abbrev  0x00000e16      0x170 ./source/diff_robot/fault.o
 .debug_abbrev  0x00000f86      0x200 ./source/diff_robot/imu.o
 .debug_abbrev  0x00001186      0x178 ./source/diff_robot/line_sensor.o
 .debug_abbrev  0x000012fe      0x328 ./source/diff_robot/motor_ctrl.o
 .debug_abbrev  0x00001626      0x183 ./source/diff_robot/pose_handler.o
 .debug_abbrev  0x000017a9      0x2b0 ./source/diff_robot/ultrasonic.o
 .debug_abbrev  0x00001a59      0x257 ./source/delayer/delayer.o
 .debug_abbrev  0x00001cb0       0x46 ./source/mtb.o
 .debug_abbrev  0x00001cf6      0x12e ./source/rt_robot.o
 .debug_abbrev  0x00001e24       0x9a ./freertos/fsl_tickless_lptmr.o
 .debug_abbrev  0x00001ebe      0x1a7 ./freertos/heap_4.o
 .debug_abbrev  0x00002065      0x126 ./freertos/list.o
 .debug_abbrev  0x0000218b      0x1b3 ./freertos/port.o
 .debug_abbrev  0x0000233e      0x214 ./freertos/queue.o
 .debug_abbrev  0x00002552      0x2c3 ./freertos/tasks.o
 .debug_abbrev  0x00002815      0x225 ./freertos/timers.o
 .debug_abbrev  0x00002a3a      0x439 ./drivers/fsl_clock.o
 .debug_abbrev  0x00002e73      0x37c ./drivers/fsl_common.o
 .debug_abbrev  0x000031ef      0x29c ./drivers/fsl_gpio.o
 .debug_abbrev  0x0000348b      0x42a ./drivers/fsl_i2c.o
 .debug_abbrev  0x000038b5      0x3c5 ./drivers/fsl_lpsci.o
 .debug_abbrev  0x00003c7a      0x366 ./drivers/fsl_tpm.o
 .debug_abbrev  0x00003fe0      0x3df ./drivers/fsl_uart.o
 .debug_abbrev  0x000043bf      0x2e8 ./board/clock_config.o
 .debug_abbrev  0x000046a7      0x114 ./board/peripherals.o
 .debug_abbrev  0x000047bb      0x20a ./board/pin_mux.o
 .debug_abbrev  0x000049c5      0x12e ./CMSIS/system_MKL25Z4.o

.debug_aranges  0x00000000     0x1380
 .debug_aranges
                0x00000000       0x90 ./utilities/fsl_debug_console.o
 .debug_aranges
                0x00000090      0x160 ./startup/startup_mkl25z4.o
 .debug_aranges
                0x000001f0       0x38 ./source/emb_util/emb_util.o
 .debug_aranges
                0x00000228       0xe0 ./source/display/lcd.o
 .debug_aranges
                0x00000308       0xb8 ./source/diff_robot/communic.o
 .debug_aranges
                0x000003c0       0x90 ./source/diff_robot/diff_robot.o
 .debug_aranges
                0x00000450       0x30 ./source/diff_robot/display.o
 .debug_aranges
                0x00000480       0x50 ./source/diff_robot/fault.o
 .debug_aranges
                0x000004d0       0x60 ./source/diff_robot/imu.o
 .debug_aranges
                0x00000530       0x30 ./source/diff_robot/line_sensor.o
 .debug_aranges
                0x00000560       0x90 ./source/diff_robot/motor_ctrl.o
 .debug_aranges
                0x000005f0       0x30 ./source/diff_robot/pose_handler.o
 .debug_aranges
                0x00000620       0x70 ./source/diff_robot/ultrasonic.o
 .debug_aranges
                0x00000690       0x48 ./source/delayer/delayer.o
 .debug_aranges
                0x000006d8       0x18 ./source/mtb.o
 .debug_aranges
                0x000006f0       0x20 ./source/rt_robot.o
 .debug_aranges
                0x00000710       0x20 ./freertos/fsl_tickless_lptmr.o
 .debug_aranges
                0x00000730       0x50 ./freertos/heap_4.o
 .debug_aranges
                0x00000780       0x40 ./freertos/list.o
 .debug_aranges
                0x000007c0       0x80 ./freertos/port.o
 .debug_aranges
                0x00000840      0x118 ./freertos/queue.o
 .debug_aranges
                0x00000958      0x1e8 ./freertos/tasks.o
 .debug_aranges
                0x00000b40       0xc8 ./freertos/timers.o
 .debug_aranges
                0x00000c08      0x1d8 ./drivers/fsl_clock.o
 .debug_aranges
                0x00000de0       0x38 ./drivers/fsl_common.o
 .debug_aranges
                0x00000e18       0x40 ./drivers/fsl_gpio.o
 .debug_aranges
                0x00000e58      0x178 ./drivers/fsl_i2c.o
 .debug_aranges
                0x00000fd0      0x118 ./drivers/fsl_lpsci.o
 .debug_aranges
                0x000010e8       0x88 ./drivers/fsl_tpm.o
 .debug_aranges
                0x00001170      0x130 ./drivers/fsl_uart.o
 .debug_aranges
                0x000012a0       0x58 ./board/clock_config.o
 .debug_aranges
                0x000012f8       0x20 ./board/peripherals.o
 .debug_aranges
                0x00001318       0x40 ./board/pin_mux.o
 .debug_aranges
                0x00001358       0x28 ./CMSIS/system_MKL25Z4.o

.debug_ranges   0x00000000     0x1158
 .debug_ranges  0x00000000       0x80 ./utilities/fsl_debug_console.o
 .debug_ranges  0x00000080      0x150 ./startup/startup_mkl25z4.o
 .debug_ranges  0x000001d0       0x28 ./source/emb_util/emb_util.o
 .debug_ranges  0x000001f8       0xd0 ./source/display/lcd.o
 .debug_ranges  0x000002c8       0xa8 ./source/diff_robot/communic.o
 .debug_ranges  0x00000370       0x80 ./source/diff_robot/diff_robot.o
 .debug_ranges  0x000003f0       0x20 ./source/diff_robot/display.o
 .debug_ranges  0x00000410       0x40 ./source/diff_robot/fault.o
 .debug_ranges  0x00000450       0x50 ./source/diff_robot/imu.o
 .debug_ranges  0x000004a0       0x20 ./source/diff_robot/line_sensor.o
 .debug_ranges  0x000004c0       0x80 ./source/diff_robot/motor_ctrl.o
 .debug_ranges  0x00000540       0x20 ./source/diff_robot/pose_handler.o
 .debug_ranges  0x00000560       0x60 ./source/diff_robot/ultrasonic.o
 .debug_ranges  0x000005c0       0x38 ./source/delayer/delayer.o
 .debug_ranges  0x000005f8       0x10 ./source/rt_robot.o
 .debug_ranges  0x00000608       0x10 ./freertos/fsl_tickless_lptmr.o
 .debug_ranges  0x00000618       0x40 ./freertos/heap_4.o
 .debug_ranges  0x00000658       0x30 ./freertos/list.o
 .debug_ranges  0x00000688       0x70 ./freertos/port.o
 .debug_ranges  0x000006f8      0x108 ./freertos/queue.o
 .debug_ranges  0x00000800      0x1d8 ./freertos/tasks.o
 .debug_ranges  0x000009d8       0xb8 ./freertos/timers.o
 .debug_ranges  0x00000a90      0x1c8 ./drivers/fsl_clock.o
 .debug_ranges  0x00000c58       0x28 ./drivers/fsl_common.o
 .debug_ranges  0x00000c80       0x30 ./drivers/fsl_gpio.o
 .debug_ranges  0x00000cb0      0x168 ./drivers/fsl_i2c.o
 .debug_ranges  0x00000e18      0x108 ./drivers/fsl_lpsci.o
 .debug_ranges  0x00000f20       0x78 ./drivers/fsl_tpm.o
 .debug_ranges  0x00000f98      0x120 ./drivers/fsl_uart.o
 .debug_ranges  0x000010b8       0x48 ./board/clock_config.o
 .debug_ranges  0x00001100       0x10 ./board/peripherals.o
 .debug_ranges  0x00001110       0x30 ./board/pin_mux.o
 .debug_ranges  0x00001140       0x18 ./CMSIS/system_MKL25Z4.o

.debug_macro    0x00000000     0xde1b
 .debug_macro   0x00000000      0x221 ./utilities/fsl_debug_console.o
 .debug_macro   0x00000221      0xaa8 ./utilities/fsl_debug_console.o
 .debug_macro   0x00000cc9       0x58 ./utilities/fsl_debug_console.o
 .debug_macro   0x00000d21       0x18 ./utilities/fsl_debug_console.o
 .debug_macro   0x00000d39       0x22 ./utilities/fsl_debug_console.o
 .debug_macro   0x00000d5b       0x58 ./utilities/fsl_debug_console.o
 .debug_macro   0x00000db3       0x94 ./utilities/fsl_debug_console.o
 .debug_macro   0x00000e47       0x35 ./utilities/fsl_debug_console.o
 .debug_macro   0x00000e7c       0x34 ./utilities/fsl_debug_console.o
 .debug_macro   0x00000eb0       0x16 ./utilities/fsl_debug_console.o
 .debug_macro   0x00000ec6      0x10e ./utilities/fsl_debug_console.o
 .debug_macro   0x00000fd4       0x8d ./utilities/fsl_debug_console.o
 .debug_macro   0x00001061       0x57 ./utilities/fsl_debug_console.o
 .debug_macro   0x000010b8       0x58 ./utilities/fsl_debug_console.o
 .debug_macro   0x00001110       0x1f ./utilities/fsl_debug_console.o
 .debug_macro   0x0000112f       0x43 ./utilities/fsl_debug_console.o
 .debug_macro   0x00001172       0x20 ./utilities/fsl_debug_console.o
 .debug_macro   0x00001192      0x18e ./utilities/fsl_debug_console.o
 .debug_macro   0x00001320      0x339 ./utilities/fsl_debug_console.o
 .debug_macro   0x00001659       0x16 ./utilities/fsl_debug_console.o
 .debug_macro   0x0000166f       0x29 ./utilities/fsl_debug_console.o
 .debug_macro   0x00001698      0x1e1 ./utilities/fsl_debug_console.o
 .debug_macro   0x00001879       0x1c ./utilities/fsl_debug_console.o
 .debug_macro   0x00001895       0x22 ./utilities/fsl_debug_console.o
 .debug_macro   0x000018b7       0xef ./utilities/fsl_debug_console.o
 .debug_macro   0x000019a6       0x6a ./utilities/fsl_debug_console.o
 .debug_macro   0x00001a10      0x1df ./utilities/fsl_debug_console.o
 .debug_macro   0x00001bef       0x16 ./utilities/fsl_debug_console.o
 .debug_macro   0x00001c05       0x35 ./utilities/fsl_debug_console.o
 .debug_macro   0x00001c3a       0x10 ./utilities/fsl_debug_console.o
 .debug_macro   0x00001c4a       0x3f ./utilities/fsl_debug_console.o
 .debug_macro   0x00001c89       0x3a ./utilities/fsl_debug_console.o
 .debug_macro   0x00001cc3       0x26 ./utilities/fsl_debug_console.o
 .debug_macro   0x00001ce9      0x329 ./utilities/fsl_debug_console.o
 .debug_macro   0x00002012       0x30 ./utilities/fsl_debug_console.o
 .debug_macro   0x00002042     0x51e2 ./utilities/fsl_debug_console.o
 .debug_macro   0x00007224     0x1352 ./utilities/fsl_debug_console.o
 .debug_macro   0x00008576       0x3a ./utilities/fsl_debug_console.o
 .debug_macro   0x000085b0       0xf4 ./utilities/fsl_debug_console.o
 .debug_macro   0x000086a4       0x35 ./utilities/fsl_debug_console.o
 .debug_macro   0x000086d9       0x2e ./utilities/fsl_debug_console.o
 .debug_macro   0x00008707       0x10 ./utilities/fsl_debug_console.o
 .debug_macro   0x00008717       0x10 ./utilities/fsl_debug_console.o
 .debug_macro   0x00008727       0x29 ./startup/startup_mkl25z4.o
 .debug_macro   0x00008750       0xc6 ./source/emb_util/emb_util.o
 .debug_macro   0x00008816      0xaa8 ./source/emb_util/emb_util.o
 .debug_macro   0x000092be       0x10 ./source/emb_util/emb_util.o
 .debug_macro   0x000092ce      0x12e ./source/emb_util/emb_util.o
 .debug_macro   0x000093fc       0x16 ./source/emb_util/emb_util.o
 .debug_macro   0x00009412      0x5b3 ./source/emb_util/emb_util.o
 .debug_macro   0x000099c5      0x18b ./source/emb_util/emb_util.o
 .debug_macro   0x00009b50      0x168 ./source/emb_util/emb_util.o
 .debug_macro   0x00009cb8       0xb6 ./source/emb_util/emb_util.o
 .debug_macro   0x00009d6e       0x10 ./source/emb_util/emb_util.o
 .debug_macro   0x00009d7e       0x1f ./source/emb_util/emb_util.o
 .debug_macro   0x00009d9d      0x361 ./source/emb_util/emb_util.o
 .debug_macro   0x0000a0fe       0x69 ./source/emb_util/emb_util.o
 .debug_macro   0x0000a167       0xc4 ./source/emb_util/emb_util.o
 .debug_macro   0x0000a22b      0x19f ./source/display/lcd.o
 .debug_macro   0x0000a3ca       0x16 ./source/display/lcd.o
 .debug_macro   0x0000a3e0       0x22 ./source/display/lcd.o
 .debug_macro   0x0000a402       0xac ./source/display/lcd.o
 .debug_macro   0x0000a4ae      0x24e ./source/display/lcd.o
 .debug_macro   0x0000a6fc       0x2f ./source/display/lcd.o
 .debug_macro   0x0000a72b       0xe0 ./source/diff_robot/communic.o
 .debug_macro   0x0000a80b       0x94 ./source/diff_robot/communic.o
 .debug_macro   0x0000a89f       0xc0 ./source/diff_robot/communic.o
 .debug_macro   0x0000a95f       0x8c ./source/diff_robot/communic.o
 .debug_macro   0x0000a9eb       0x78 ./source/diff_robot/communic.o
 .debug_macro   0x0000aa63      0x22e ./source/diff_robot/diff_robot.o
 .debug_macro   0x0000ac91       0x22 ./source/diff_robot/diff_robot.o
 .debug_macro   0x0000acb3       0x16 ./source/diff_robot/diff_robot.o
 .debug_macro   0x0000acc9       0x16 ./source/diff_robot/diff_robot.o
 .debug_macro   0x0000acdf       0x22 ./source/diff_robot/diff_robot.o
 .debug_macro   0x0000ad01       0x7c ./source/diff_robot/diff_robot.o
 .debug_macro   0x0000ad7d       0x1c ./source/diff_robot/diff_robot.o
 .debug_macro   0x0000ad99       0x1c ./source/diff_robot/diff_robot.o
 .debug_macro   0x0000adb5      0x1b8 ./source/diff_robot/display.o
 .debug_macro   0x0000af6d       0x22 ./source/diff_robot/display.o
 .debug_macro   0x0000af8f      0x1af ./source/diff_robot/fault.o
 .debug_macro   0x0000b13e       0x10 ./source/diff_robot/fault.o
 .debug_macro   0x0000b14e      0x1eb ./source/diff_robot/imu.o
 .debug_macro   0x0000b339       0x34 ./source/diff_robot/imu.o
 .debug_macro   0x0000b36d       0x10 ./source/diff_robot/imu.o
 .debug_macro   0x0000b37d       0x10 ./source/diff_robot/imu.o
 .debug_macro   0x0000b38d      0x1a3 ./source/diff_robot/line_sensor.o
 .debug_macro   0x0000b530      0x23c ./source/diff_robot/motor_ctrl.o
 .debug_macro   0x0000b76c       0x16 ./source/diff_robot/motor_ctrl.o
 .debug_macro   0x0000b782      0x112 ./source/diff_robot/motor_ctrl.o
 .debug_macro   0x0000b894       0x10 ./source/diff_robot/motor_ctrl.o
 .debug_macro   0x0000b8a4      0x1bf ./source/diff_robot/pose_handler.o
 .debug_macro   0x0000ba63      0x1fd ./source/diff_robot/ultrasonic.o
 .debug_macro   0x0000bc60      0x1cf ./source/delayer/delayer.o
 .debug_macro   0x0000be2f       0x8e ./source/delayer/delayer.o
 .debug_macro   0x0000bebd       0x51 ./source/delayer/delayer.o
 .debug_macro   0x0000bf0e       0x5e ./source/delayer/delayer.o
 .debug_macro   0x0000bf6c      0x174 ./source/delayer/delayer.o
 .debug_macro   0x0000c0e0       0x10 ./source/delayer/delayer.o
 .debug_macro   0x0000c0f0       0x2f ./source/mtb.o
 .debug_macro   0x0000c11f       0x82 ./source/mtb.o
 .debug_macro   0x0000c1a1       0x10 ./source/mtb.o
 .debug_macro   0x0000c1b1      0x254 ./source/rt_robot.o
 .debug_macro   0x0000c405       0xd2 ./source/rt_robot.o
 .debug_macro   0x0000c4d7       0x10 ./source/rt_robot.o
 .debug_macro   0x0000c4e7       0x34 ./source/rt_robot.o
 .debug_macro   0x0000c51b       0xbd ./freertos/fsl_tickless_lptmr.o
 .debug_macro   0x0000c5d8       0x8e ./freertos/fsl_tickless_lptmr.o
 .debug_macro   0x0000c666       0xe0 ./freertos/heap_4.o
 .debug_macro   0x0000c746       0xb9 ./freertos/list.o
 .debug_macro   0x0000c7ff       0xcf ./freertos/port.o
 .debug_macro   0x0000c8ce      0x122 ./freertos/queue.o
 .debug_macro   0x0000c9f0      0x182 ./freertos/tasks.o
 .debug_macro   0x0000cb72       0x11 ./freertos/tasks.o
 .debug_macro   0x0000cb83       0xec ./freertos/timers.o
 .debug_macro   0x0000cc6f      0x26a ./drivers/fsl_clock.o
 .debug_macro   0x0000ced9      0x1c3 ./drivers/fsl_common.o
 .debug_macro   0x0000d09c      0x1c0 ./drivers/fsl_gpio.o
 .debug_macro   0x0000d25c      0x1bf ./drivers/fsl_i2c.o
 .debug_macro   0x0000d41b       0x10 ./drivers/fsl_i2c.o
 .debug_macro   0x0000d42b      0x1c0 ./drivers/fsl_lpsci.o
 .debug_macro   0x0000d5eb      0x1c6 ./drivers/fsl_tpm.o
 .debug_macro   0x0000d7b1      0x1c6 ./drivers/fsl_uart.o
 .debug_macro   0x0000d977      0x1f7 ./board/clock_config.o
 .debug_macro   0x0000db6e       0xfb ./board/peripherals.o
 .debug_macro   0x0000dc69       0xf7 ./board/pin_mux.o
 .debug_macro   0x0000dd60       0xbb ./CMSIS/system_MKL25Z4.o

.debug_line     0x00000000     0xfa72
 .debug_line    0x00000000      0xe0c ./utilities/fsl_debug_console.o
 .debug_line    0x00000e0c      0x1e7 ./startup/startup_mkl25z4.o
 .debug_line    0x00000ff3      0x36d ./source/emb_util/emb_util.o
 .debug_line    0x00001360      0x7de ./source/display/lcd.o
 .debug_line    0x00001b3e      0x50b ./source/diff_robot/communic.o
 .debug_line    0x00002049      0x64c ./source/diff_robot/diff_robot.o
 .debug_line    0x00002695      0x4aa ./source/diff_robot/display.o
 .debug_line    0x00002b3f      0x448 ./source/diff_robot/fault.o
 .debug_line    0x00002f87      0x7f1 ./source/diff_robot/imu.o
 .debug_line    0x00003778      0x40c ./source/diff_robot/line_sensor.o
 .debug_line    0x00003b84      0x76c ./source/diff_robot/motor_ctrl.o
 .debug_line    0x000042f0      0x464 ./source/diff_robot/pose_handler.o
 .debug_line    0x00004754      0x6ff ./source/diff_robot/ultrasonic.o
 .debug_line    0x00004e53      0x506 ./source/delayer/delayer.o
 .debug_line    0x00005359       0xd6 ./source/mtb.o
 .debug_line    0x0000542f      0x479 ./source/rt_robot.o
 .debug_line    0x000058a8      0x255 ./freertos/fsl_tickless_lptmr.o
 .debug_line    0x00005afd      0x490 ./freertos/heap_4.o
 .debug_line    0x00005f8d      0x319 ./freertos/list.o
 .debug_line    0x000062a6      0x3c8 ./freertos/port.o
 .debug_line    0x0000666e      0xc90 ./freertos/queue.o
 .debug_line    0x000072fe     0x1527 ./freertos/tasks.o
 .debug_line    0x00008825      0x722 ./freertos/timers.o
 .debug_line    0x00008f47     0x148d ./drivers/fsl_clock.o
 .debug_line    0x0000a3d4      0x52c ./drivers/fsl_common.o
 .debug_line    0x0000a900      0x527 ./drivers/fsl_gpio.o
 .debug_line    0x0000ae27     0x1452 ./drivers/fsl_i2c.o
 .debug_line    0x0000c279      0xf0e ./drivers/fsl_lpsci.o
 .debug_line    0x0000d187      0x99f ./drivers/fsl_tpm.o
 .debug_line    0x0000db26      0xefc ./drivers/fsl_uart.o
 .debug_line    0x0000ea22      0x54f ./board/clock_config.o
 .debug_line    0x0000ef71      0x28a ./board/peripherals.o
 .debug_line    0x0000f1fb      0x3f5 ./board/pin_mux.o
 .debug_line    0x0000f5f0      0x482 ./CMSIS/system_MKL25Z4.o

.debug_str      0x00000000    0x45f43
 .debug_str     0x00000000    0x33df4 ./utilities/fsl_debug_console.o
                              0x34354 (size before relaxing)
 .debug_str     0x00033df4      0x3b6 ./startup/startup_mkl25z4.o
                               0x31ce (size before relaxing)
 .debug_str     0x000341aa     0x441c ./source/emb_util/emb_util.o
                               0x7356 (size before relaxing)
 .debug_str     0x000385c6     0x142a ./source/display/lcd.o
                              0x34324 (size before relaxing)
 .debug_str     0x000399f0     0x2032 ./source/diff_robot/communic.o
                               0x8b2f (size before relaxing)
 .debug_str     0x0003ba22      0x927 ./source/diff_robot/diff_robot.o
                              0x35cac (size before relaxing)
 .debug_str     0x0003c349       0x7d ./source/diff_robot/display.o
                              0x35ce2 (size before relaxing)
 .debug_str     0x0003c3c6      0x1dc ./source/diff_robot/fault.o
                              0x35723 (size before relaxing)
 .debug_str     0x0003c5a2      0x2c6 ./source/diff_robot/imu.o
                              0x35ff2 (size before relaxing)
 .debug_str     0x0003c868       0x68 ./source/diff_robot/line_sensor.o
                              0x352f6 (size before relaxing)
 .debug_str     0x0003c8d0     0x183a ./source/diff_robot/motor_ctrl.o
                              0x376a5 (size before relaxing)
 .debug_str     0x0003e10a       0x76 ./source/diff_robot/pose_handler.o
                              0x35a61 (size before relaxing)
 .debug_str     0x0003e180      0x857 ./source/diff_robot/ultrasonic.o
                              0x36b41 (size before relaxing)
 .debug_str     0x0003e9d7       0x9f ./source/delayer/delayer.o
                              0x3328a (size before relaxing)
 .debug_str     0x0003ea76      0x532 ./source/mtb.o
                               0x32da (size before relaxing)
 .debug_str     0x0003efa8      0x362 ./source/rt_robot.o
                              0x3656c (size before relaxing)
 .debug_str     0x0003f30a      0x43c ./freertos/fsl_tickless_lptmr.o
                               0x7c43 (size before relaxing)
 .debug_str     0x0003f746      0x2d8 ./freertos/heap_4.o
                               0x7ade (size before relaxing)
 .debug_str     0x0003fa1e      0x11e ./freertos/list.o
                               0x73fb (size before relaxing)
 .debug_str     0x0003fb3c      0x17b ./freertos/port.o
                               0x7dea (size before relaxing)
 .debug_str     0x0003fcb7      0x741 ./freertos/queue.o
                               0x8957 (size before relaxing)
 .debug_str     0x000403f8     0x1aac ./freertos/tasks.o
                               0x95c8 (size before relaxing)
 .debug_str     0x00041ea4      0x4c6 ./freertos/timers.o
                               0x8ea2 (size before relaxing)
 .debug_str     0x0004236a     0x14d2 ./drivers/fsl_clock.o
                              0x349cc (size before relaxing)
 .debug_str     0x0004383c      0x113 ./drivers/fsl_common.o
                              0x32f95 (size before relaxing)